[13:25:14] [main/INFO] (Entrypoint) JVM Uptime at startup: 3340ms
[13:25:14] [main/INFO] (FMLLoader) Starting FancyModLoader version 11.0.16 (CLIENT in DEV)
[13:25:14] [main/INFO] (FMLLoader) Game directory: /home/wilwe/Dokumenty/GitHub/stargazer_mod/neoforge/run
[13:25:14] [main/INFO] (EarlyServiceDiscovery) Found 2 early service jars (out of 111) in 13ms
[13:25:14] [main/INFO] (FMLLoader) Loading FML Early Services:
[13:25:14] [main/INFO] (FMLLoader)  - /home/wilwe/.gradle/caches/modules-2/files-2.1/net.neoforged.fancymodloader/loader/11.0.16/42d3bfead0ba3aa89c7d45ac29115defc9967219/loader-11.0.16.jar
[13:25:14] [main/INFO] (FMLLoader)  - /home/wilwe/.gradle/caches/modules-2/files-2.1/net.neoforged.fancymodloader/earlydisplay/11.0.16/2d357375a7ea94a1ca86042d48fa4f719a552894/earlydisplay-11.0.16.jar
[13:25:14] [main/INFO] (ImmediateWindowHandler) Loading ImmediateWindowProvider fmlearlywindow
[13:25:15] [ForkJoinPool.commonPool-worker-7/INFO] (GameLocator) Detected a joined NeoForge and Minecraft configuration. Applying filtering...
[13:25:15] [fml-loadingscreen/INFO] (LoadingScreenRenderer) GL info: AMD Radeon Graphics (radeonsi, renoir, ACO, DRM 3.64, 7.2.6-zen2-1-zen) GL version 4.6 (Core Profile) Mesa 26.2.2-arch1.1, AMD
[13:25:15] [ForkJoinPool.commonPool-worker-7/INFO] (ModDiscoverer) Found mod file "neoforge-26.2.0.52-beta-minecraft-merged-deobf-26.2.jar" [locator: game locator]
[13:25:15] [ForkJoinPool.commonPool-worker-7/INFO] (ModDiscoverer) Found mod file "forge-universal.jar" [locator: game locator]
[13:25:15] [ForkJoinPool.commonPool-worker-7/INFO] (InDevFolderLocator) Got mod coordinates main%%/home/wilwe/Dokumenty/GitHub/stargazer_mod/neoforge/build/resources/main:main%%/home/wilwe/Dokumenty/GitHub/stargazer_mod/neoforge/build/classes/java/main:main%%/home/wilwe/Dokumenty/GitHub/stargazer_mod/neoforge/out/production/classes:main%%/home/wilwe/Dokumenty/GitHub/stargazer_mod/neoforge/out/production/resources from env
[13:25:15] [ForkJoinPool.commonPool-worker-7/INFO] (ModDiscoverer) Found mod file "main" [locator: indevfolder, reader: mod manifest]
[13:25:15] [ForkJoinPool.commonPool-worker-7/INFO] (ModDiscoverer) Found mod file "geckolib-neoforge-26.2-5.5.3.jar" [locator: indevjar, reader: mod manifest]
[13:25:15] [ForkJoinPool.commonPool-worker-7/INFO] (ModDiscoverer) Found mod file "starlib-neoforge-1.0.3.jar" [locator: indevjar, reader: mod manifest]
[13:25:15] [ForkJoinPool.commonPool-worker-7/INFO] (ModDiscoverer) Found mod file "RoughlyEnoughItems-neoforge-26.2.820.jar" [locator: indevjar, reader: mod manifest]
[13:25:15] [ForkJoinPool.commonPool-worker-7/INFO] (ModDiscoverer) Found mod file "architectury-neoforge-21.0.7.jar" [locator: indevjar, reader: mod manifest]
[13:25:15] [ForkJoinPool.commonPool-worker-7/INFO] (ModDiscoverer) Found mod file "cloth-config-neoforge-26.2.155.jar" [locator: indevjar, reader: mod manifest]
[13:25:15] [ForkJoinPool.commonPool-worker-7/INFO] (ModDiscoverer) Found mod file "17374878632287894844.jar" [locator: indevjar, reader: mod manifest]
[13:25:15] [ForkJoinPool.commonPool-worker-7/INFO] (ModDiscoverer) Found gamelibrary file "mixinextras-neoforge-0.5.4.jar" [locator: indevjar, reader: mod manifest]
[13:25:15] [ForkJoinPool.commonPool-worker-7/WARN] (JarSelector) Attempted to select a dependency jar for JarJar which was passed in as source: library:mixinextras.neoforge. Using jar(/home/wilwe/.gradle/caches/modules-2/files-2.1/io.github.llamalad7/mixinextras-neoforge/0.5.4/3cb0fec08c25e18fddf797fbdc1b9db83dc4e92f/mixinextras-neoforge-0.5.4.jar)
[13:25:15] [ForkJoinPool.commonPool-worker-7/INFO] (JarInJarDependencyLocator) Found 1 dependencies adding them to mods collection
[13:25:15] [ForkJoinPool.commonPool-worker-7/INFO] (ModDiscoverer) Found library file "net.neoforged.neoforge-coremods-26.2.0.52-beta.jar" [parent: forge-universal.jar, locator: jarinjar, reader: mod manifest]
[13:25:15] [ForkJoinPool.commonPool-worker-7/INFO] (ModDiscoverer) 
     Mod List:
		Name Version (Mod Id)

		Architectury 21.0.7 (architectury)
		Cloth Config v26.2 API 26.2.155 (cloth_config)
		GeckoLib 5 5.5.3 (geckolib)
		generated_6cee9ee 1 (generated_6cee9ee)
		Minecraft 26.2 (minecraft)
		NeoForge 26.2.0.52-beta (neoforge)
		Roughly Enough Items (REI) 26.2.820 (roughlyenoughitems)
		Stargazer 0.0.8.1 (stargazer)
		Starlib 1.0.3 (starlib)
[13:25:15] [main/INFO] (mixin) SpongePowered MIXIN Subsystem Version=0.8.7 Source=file:/home/wilwe/.gradle/caches/modules-2/files-2.1/net.fabricmc/sponge-mixin/0.17.3+mixin.0.8.7/41c4a3984a80f4679e759fb9f495587acc5cdac7/sponge-mixin-0.17.3+mixin.0.8.7.jar Service=FML Env=CLIENT
[13:25:15] [main/INFO] (FMLLoader) Loading FML Plugins:
[13:25:15] [main/INFO] (FMLLoader)  - /home/wilwe/.gradle/caches/fabric-loom/26.2/neoforge/26.2.0.52-beta/forge-universal.jar > net.neoforged.neoforge-coremods-26.2.0.52-beta.jar
[13:25:15] [main/INFO] (FMLLoader) Building game content classloader:
 - architectury (jar(/home/wilwe/.gradle/caches/modules-2/files-2.1/dev.architectury/architectury-neoforge/21.0.7/c47ec87515e86af442baf5fb820ec271ac04fbac/architectury-neoforge-21.0.7.jar))
 - cloth_config (jar(/home/wilwe/.gradle/caches/modules-2/files-2.1/me.shedaniel.cloth/cloth-config-neoforge/26.2.155/6ea13f34b0fcdcc9299b766efa199dcc7cb73878/cloth-config-neoforge-26.2.155.jar))
 - geckolib (jar(/home/wilwe/.gradle/caches/modules-2/files-2.1/com.geckolib/geckolib-neoforge-26.2/5.5.3/5e177d4523547e4641566a043fd19ae4de0127b5/geckolib-neoforge-26.2-5.5.3.jar))
 - generated_6cee9ee (jar(/tmp/17374878632287894844.jar))
 - minecraft (composite(filtered(jar(/home/wilwe/.gradle/caches/fabric-loom/minecraftMaven/net/minecraft/neoforge-26.2.0.52-beta-minecraft-merged-deobf/26.2/neoforge-26.2.0.52-beta-minecraft-merged-deobf-26.2.jar)), filtered(jar(/home/wilwe/.gradle/caches/fabric-loom/minecraftMaven/net/minecraft/neoforge-26.2.0.52-beta-minecraft-merged-deobf/26.2/neoforge-26.2.0.52-beta-minecraft-merged-deobf-26.2.jar))))
 - mixinextras.neoforge (jar(/home/wilwe/.gradle/caches/modules-2/files-2.1/io.github.llamalad7/mixinextras-neoforge/0.5.4/3cb0fec08c25e18fddf797fbdc1b9db83dc4e92f/mixinextras-neoforge-0.5.4.jar))
 - neoforge (composite(filtered(jar(/home/wilwe/.gradle/caches/fabric-loom/26.2/neoforge/26.2.0.52-beta/forge-universal.jar))))
 - net.neoforged.fml.generated (empty(VirtualJar/net.neoforged.fml.generated))
 - roughlyenoughitems (jar(/home/wilwe/.gradle/caches/modules-2/files-2.1/me.shedaniel/RoughlyEnoughItems-neoforge/26.2.820/28db5c1e9730d88f34b45480340d747042af1be8/RoughlyEnoughItems-neoforge-26.2.820.jar))
 - stargazer (composite(folder(/home/wilwe/Dokumenty/GitHub/stargazer_mod/neoforge/build/resources/main), folder(/home/wilwe/Dokumenty/GitHub/stargazer_mod/neoforge/build/classes/java/main)))
 - starlib (jar(/home/wilwe/.m2/repository/com/github/starcatcher21/starlib/starlib-neoforge/1.0.3/starlib-neoforge-1.0.3.jar))
[13:25:15] [main/INFO] (FMLLoader) Built game content classloader in 25ms
[13:25:15] [main/INFO] (mixin) Compatibility level set to JAVA_25
[13:25:17] [pool-17-thread-1/INFO] (MixinExtras|Service) Initializing MixinExtras via com.llamalad7.mixinextras.service.MixinExtrasServiceImpl(version=0.5.4).
[13:25:17] [Datafixer Bootstrap #0/INFO] (Minecraft) 298 Datafixer optimizations took 274 milliseconds
