[20:54:05] [main/INFO] (FabricLoader/GameProvider) Loading Minecraft 26.2 with Fabric Loader 0.19.3
[20:54:05] [main/INFO] (FabricLoader/Mappings) Mappings not present!
[20:54:05] [main/INFO] (FabricLoader) Loading 58 mods:
	- architectury 21.0.6
	- cloth-basic-math 0.6.1
	- cloth-config 26.2.155
	- fabric-api 0.154.2+26.2
	- fabric-api-base 2.0.4+ece063239e
	- fabric-api-lookup-api-v1 2.0.17+11e1c9a39e
	- fabric-biome-api-v1 18.0.6+c7bd5b8e9e
	- fabric-block-api-v1 3.0.3+ec56b6019e
	- fabric-block-getter-api-v2 2.0.7+ec56b6019e
	- fabric-client-gametest-api-v1 5.1.1+37925be69e
	- fabric-command-api-v2 3.1.0+00cb03469e
	- fabric-content-registries-v0 11.2.2+b7a678a99e
	- fabric-convention-tags-v2 4.7.0+1f023a9e9e
	- fabric-crash-report-info-v1 1.0.5+086d547a9e
	- fabric-creative-tab-api-v1 5.0.14+d871b99e9e
	- fabric-data-attachment-api-v1 2.2.17+aa0fd6fe9e
	- fabric-data-generation-api-v1 25.4.4+9e7dc27f9e
	- fabric-debug-api-v1 1.0.2+c792624d9e
	- fabric-dimensions-v1 5.1.9+9cbf5da59e
	- fabric-entity-events-v1 5.0.5+06488ac19e
	- fabric-events-interaction-v0 5.2.6+8f57f7ee9e
	- fabric-game-rule-api-v1 4.0.8+46a6d00c9e
	- fabric-gametest-api-v1 4.0.21+4a7fa0819e
	- fabric-item-api-v1 14.2.0+7aec7be39e
	- fabric-key-mapping-api-v1 2.0.5+e2bdee789e
	- fabric-lifecycle-events-v1 4.1.3+4575b05f9e
	- fabric-loot-api-v3 3.0.17+06488ac19e
	- fabric-menu-api-v1 2.0.16+086d547a9e
	- fabric-message-api-v1 7.0.7+086d547a9e
	- fabric-model-loading-api-v1 8.0.15+c80601bb9e
	- fabric-networking-api-v1 6.3.3+72073ef09e
	- fabric-object-builder-api-v1 24.1.0+6fcd5f039e
	- fabric-particles-v1 5.0.18+d1756aa99e
	- fabric-permission-api-v1 1.0.3+b7020ca29e
	- fabric-recipe-api-v1 9.0.20+11e1c9a39e
	- fabric-registry-sync-v0 7.1.0+c7bd5b8e9e
	- fabric-renderer-api-v1 14.1.2+2b0d8a229e
	- fabric-renderer-indigo 9.1.2+2b0d8a229e
	- fabric-rendering-fluids-v1 6.0.4+06488ac19e
	- fabric-rendering-v1 25.3.1+6988455e9e
	- fabric-resource-conditions-api-v1 6.1.0+10e9a28b9e
	- fabric-resource-loader-v0 3.3.20+4fc5413f9e
	- fabric-resource-loader-v1 2.0.13+9edec1269e
	- fabric-screen-api-v1 5.1.0+48e3c0b09e
	- fabric-serialization-api-v1 2.0.4+11a26f319e
	- fabric-sound-api-v1 2.0.5+11a26f319e
	- fabric-tag-api-v1 2.1.3+794df31d9e
	- fabric-transfer-api-v1 8.0.11+39b5a3929e
	- fabric-transitive-access-wideners-v1 8.1.4+67c847259e
	- fabricloader 0.19.3
	- geckolib 5.5.3
	- java 25
	- minecraft 26.2
	- mixinextras 0.5.4
	- roughlyenoughitems 26.2.820
	- stargazer 0.0.8
	- starlib 1.0.2
	- team_reborn_energy 5.0.0
[20:54:05] [main/INFO] (FabricLoader/Mixin) SpongePowered MIXIN Subsystem Version=0.8.7 Source=file:/home/wilwe/.gradle/caches/modules-2/files-2.1/net.fabricmc/sponge-mixin/0.17.3+mixin.0.8.7/41c4a3984a80f4679e759fb9f495587acc5cdac7/sponge-mixin-0.17.3+mixin.0.8.7.jar Service=Knot/Fabric Env=CLIENT
[20:54:05] [main/INFO] (FabricLoader/Mixin) Compatibility level set to JAVA_25
[20:54:06] [main/INFO] (FabricLoader/MixinExtras|Service) Initializing MixinExtras via com.llamalad7.mixinextras.service.MixinExtrasServiceImpl(version=0.5.4).
[20:54:07] [Datafixer Bootstrap #0/INFO] (Minecraft) 295 Datafixer optimizations took 258 milliseconds
[20:54:10] [Render thread/INFO] (Minecraft) Environment: Environment[sessionHost=https://sessionserver.mojang.com, servicesHost=https://api.minecraftservices.com, profilesHost=https://api.mojang.com, name=PROD]
[20:54:10] [Render thread/INFO] (Minecraft) Setting user: Player106
[20:54:10] [Render thread/INFO] (stargazer) Stargazer packets registered
[20:54:10] [Download-2/ERROR] (Minecraft) Failed to fetch user properties
com.mojang.authlib.exceptions.InvalidCredentialsException: Status: 401
	at knot//com.mojang.authlib.exceptions.MinecraftClientHttpException.toAuthenticationException(MinecraftClientHttpException.java:70)
	at knot//com.mojang.authlib.yggdrasil.YggdrasilUserApiService.fetchProperties(YggdrasilUserApiService.java:173)
	at knot//net.minecraft.client.Minecraft.lambda$new$1(Minecraft.java:438)
	at java.base/java.util.concurrent.CompletableFuture$AsyncSupply.run(CompletableFuture.java:1789)
	at java.base/java.util.concurrent.ThreadPoolExecutor.runWorker(ThreadPoolExecutor.java:1090)
	at java.base/java.util.concurrent.ThreadPoolExecutor$Worker.run(ThreadPoolExecutor.java:614)
	at java.base/java.lang.Thread.run(Thread.java:1474)
Caused by: MinecraftClientHttpException[type=HTTP_ERROR, status=401, response=ErrorResponse[path=/player/attributes, error=null, errorMessage=null, details=null]]
	at knot//com.mojang.authlib.minecraft.client.MinecraftClient.buildHttpException(MinecraftClient.java:170)
	at knot//com.mojang.authlib.minecraft.client.MinecraftClient.readServiceResponse(MinecraftClient.java:147)
	at knot//com.mojang.authlib.minecraft.client.MinecraftClient.getWithEtag(MinecraftClient.java:81)
	at knot//com.mojang.authlib.minecraft.client.MinecraftClient.get(MinecraftClient.java:65)
	at knot//com.mojang.authlib.yggdrasil.YggdrasilUserApiService.fetchProperties(YggdrasilUserApiService.java:123)
	... 5 more
[20:54:10] [Render thread/INFO] (REI) [REI] Config loaded
[20:54:11] [Render thread/INFO] (REI) [REI] Registered plugin provider StargazerREICommon [stargazer] for REICommonPlugin
[20:54:11] [Render thread/INFO] (ClientNetworkManagerImpl) Registering S2C receiver with id roughlyenoughitems:request_tags_s2c
[20:54:11] [Render thread/INFO] (NetworkManagerImpl) Registering C2S receiver with id roughlyenoughitems:request_tags_c2s
[20:54:11] [Render thread/INFO] (REI) [REI] Registered plugin provider DefaultPlugin [roughlyenoughitems] for REICommonPlugin
[20:54:11] [Render thread/INFO] (REI) [REI] Registered plugin provider DefaultRuntimePlugin [roughlyenoughitems] for REICommonPlugin
[20:54:11] [Render thread/INFO] (REI) [REI] Registered plugin provider FabricFluidAPISupportPlugin for REICommonPlugin
[20:54:11] [Render thread/INFO] (NetworkManagerImpl) Registering C2S receiver with id roughlyenoughitems:delete_item
[20:54:11] [Render thread/INFO] (NetworkManagerImpl) Registering C2S receiver with id roughlyenoughitems:create_item
[20:54:11] [Render thread/INFO] (NetworkManagerImpl) Registering C2S receiver with id roughlyenoughitems:create_item_grab
[20:54:11] [Render thread/INFO] (NetworkManagerImpl) Registering C2S receiver with id roughlyenoughitems:create_item_hotbar
[20:54:11] [Render thread/INFO] (NetworkManagerImpl) Registering C2S receiver with id roughlyenoughitems:move_items_new
[20:54:11] [Render thread/INFO] (stargazer) Loading Block Rendering
[20:54:11] [Render thread/INFO] (stargazer) Loading End Client Tick Events
[20:54:11] [Render thread/INFO] (REI) [REI] Registered plugin provider StargazerREIClient [stargazer] for REIClientPlugin
[20:54:11] [Render thread/INFO] (REI) [REI] Registered plugin provider DefaultClientPlugin [roughlyenoughitems] for REIClientPlugin
[20:54:11] [Render thread/INFO] (REI) [REI] Registered plugin provider DefaultClientRuntimePlugin [roughlyenoughitems] for REIClientPlugin
[20:54:11] [Render thread/INFO] (REI) [REI] Registered plugin provider HideIngredientsFromTagsPlugin [roughlyenoughitems] for REIClientPlugin
[20:54:11] [Render thread/INFO] (ClientNetworkManagerImpl) Registering S2C receiver with id roughlyenoughitems:ci_msg
[20:54:11] [Render thread/INFO] (ClientNetworkManagerImpl) Registering S2C receiver with id roughlyenoughitems:og_not_enough
[20:54:11] [Render thread/INFO] (ClientNetworkManagerImpl) Registering S2C receiver with id roughlyenoughitems:sync_displays
[20:54:11] [Render thread/INFO] (ClientNetworkManagerImpl) Registering S2C receiver with id architectury:spawn_entity_packet
[20:54:11] [Render thread/INFO] (Indigo) [Indigo] Registering Indigo renderer!
[20:54:11] [Render thread/INFO] (FabricDataGenHelper) Running data generator for stargazer
[20:54:11] [Worker-Main-1/INFO] (stargazer) Parsing: /home/wilwe/Dokumenty/GitHub/stargazer_mod/src/main/resources/data/stargazer/worldgen/biome/moon_forest.json
[20:54:11] [Worker-Main-1/ERROR] (Minecraft) Features: Not a JSON object: "stargazer:forget_me_now"; Not a JSON object: "stargazer:star_trap_top"; Not a JSON object: "stargazer:star_trap"; Not a JSON object: "stargazer:moon_grass_top"; Not a JSON object: "stargazer:moon_grass"; Not a JSON object: "stargazer:purple_shroom_rare_top"; Not a JSON object: "stargazer:purple_shroom_rare"; Not a JSON object: "stargazer:star_flowers_top"; Not a JSON object: "stargazer:star_flowers"; Not a JSON object: "stargazer:curve_trees_top"; Not a JSON object: "stargazer:curve_trees"; Not a JSON object: "stargazer:moon_trees_top"; Not a JSON object: "stargazer:moon_trees"
[20:54:11] [Worker-Main-1/INFO] (stargazer) Parsing: /home/wilwe/Dokumenty/GitHub/stargazer_mod/src/main/resources/data/stargazer/worldgen/biome/moon_waste.json
[20:54:11] [Worker-Main-1/INFO] (stargazer) Parsing: /home/wilwe/Dokumenty/GitHub/stargazer_mod/src/main/resources/data/stargazer/worldgen/biome/amethyst_spikes.json
[20:54:11] [Worker-Main-1/ERROR] (Minecraft) Features: Not a JSON object: "stargazer:amethyst_spike_big_bottom"; Not a JSON object: "stargazer:amethyst_spike_big_top"; Not a JSON object: "stargazer:amethyst_spike_big"; Not a JSON object: "stargazer:amethyst_spike_bottom"; Not a JSON object: "stargazer:amethyst_spike_top"; Not a JSON object: "stargazer:amethyst_spike"; Not a JSON object: "stargazer:amethyst_clusters_bottom"; Not a JSON object: "stargazer:amethyst_clusters_top"; Not a JSON object: "stargazer:amethyst_clusters"
[20:54:11] [Worker-Main-1/INFO] (stargazer) Parsing: /home/wilwe/Dokumenty/GitHub/stargazer_mod/src/main/resources/data/stargazer/worldgen/biome/bone_forest.json
[20:54:11] [Worker-Main-1/ERROR] (Minecraft) Features: Not a JSON object: "stargazer:boneflowers_top"; Not a JSON object: "stargazer:boneflowers"; Not a JSON object: "stargazer:bone_trees_top"; Not a JSON object: "stargazer:bone_trees"
[20:54:11] [Worker-Main-1/INFO] (stargazer) Parsing: /home/wilwe/Dokumenty/GitHub/stargazer_mod/src/main/resources/data/stargazer/worldgen/biome/eye_birch_forest.json
[20:54:11] [Worker-Main-1/ERROR] (Minecraft) Features: Not a JSON object: "stargazer:eyes"; Not a JSON object: "stargazer:eye_grass_top"; Not a JSON object: "stargazer:eye_grass"; Not a JSON object: "stargazer:star_flowers_top"; Not a JSON object: "stargazer:star_flowers"; Not a JSON object: "stargazer:eye_birch_trees_top"; Not a JSON object: "stargazer:eye_birch_trees"
[20:54:11] [Worker-Main-1/INFO] (stargazer) Parsing: /home/wilwe/Dokumenty/GitHub/stargazer_mod/src/main/resources/data/stargazer/worldgen/biome/purple_shroom_forest.json
[20:54:11] [Worker-Main-1/ERROR] (Minecraft) Features: Not a JSON object: "stargazer:star_trap_top"; Not a JSON object: "stargazer:star_trap"; Not a JSON object: "stargazer:moon_grass_top"; Not a JSON object: "stargazer:moon_grass"; Not a JSON object: "stargazer:purple_shroom_top"; Not a JSON object: "stargazer:purple_shroom"
[20:54:11] [Worker-Main-1/INFO] (stargazer) Parsing: /home/wilwe/Dokumenty/GitHub/stargazer_mod/src/main/resources/data/stargazer/worldgen/biome/darkness_forest.json
[20:54:11] [Worker-Main-1/ERROR] (Minecraft) Features: Not a JSON object: "stargazer:gradi"; Not a JSON object: "stargazer:dark_grass_top"; Not a JSON object: "stargazer:dark_grass"; Not a JSON object: "stargazer:darkness_trees_top"; Not a JSON object: "stargazer:darkness_trees"
[20:54:11] [Worker-Main-1/INFO] (stargazer) Parsing: /home/wilwe/Dokumenty/GitHub/stargazer_mod/src/main/resources/data/stargazer/worldgen/biome/moon_field.json
[20:54:11] [Worker-Main-1/ERROR] (Minecraft) Features: Not a JSON object: "stargazer:forget_me_now"; Not a JSON object: "stargazer:star_trap_top"; Not a JSON object: "stargazer:star_trap"; Not a JSON object: "stargazer:moon_grass_top"; Not a JSON object: "stargazer:moon_grass"; Not a JSON object: "stargazer:star_flowers_top"; Not a JSON object: "stargazer:star_flowers"
[20:54:11] [Worker-Main-1/INFO] (stargazer) Parsing: /home/wilwe/Dokumenty/GitHub/stargazer_mod/src/main/resources/data/stargazer/worldgen/biome/moon_void.json
[20:54:11] [Render thread/INFO] (Minecraft) Starting provider: STARGAZER/Tags for minecraft:block
[20:54:11] [Render thread/INFO] (Minecraft) STARGAZER/Tags for minecraft:block finished after 12 ms
[20:54:11] [Render thread/INFO] (Minecraft) Starting provider: STARGAZER/Tags for minecraft:item
[20:54:11] [Render thread/INFO] (Minecraft) STARGAZER/Tags for minecraft:item finished after 4 ms
[20:54:11] [Render thread/INFO] (Minecraft) Starting provider: STARGAZER/Tags for minecraft:fluid
[20:54:11] [Render thread/INFO] (Minecraft) STARGAZER/Tags for minecraft:fluid finished after 0 ms
[20:54:11] [Render thread/INFO] (Minecraft) Starting provider: STARGAZER/Block Loot Tables
[20:54:11] [Render thread/INFO] (Minecraft) STARGAZER/Block Loot Tables finished after 42 ms
[20:54:11] [Render thread/INFO] (Minecraft) Starting provider: STARGAZER/minecraft:fishing Loot Table
[20:54:11] [Render thread/INFO] (Minecraft) STARGAZER/minecraft:fishing Loot Table finished after 0 ms
[20:54:11] [Render thread/INFO] (Minecraft) Starting provider: STARGAZER/minecraft:chest Loot Table
[20:54:11] [Render thread/INFO] (Minecraft) STARGAZER/minecraft:chest Loot Table finished after 0 ms
[20:54:11] [Render thread/INFO] (Minecraft) Starting provider: STARGAZER/stargazer
[20:54:11] [Render thread/INFO] (Minecraft) STARGAZER/stargazer finished after 45 ms
[20:54:11] [Render thread/INFO] (Minecraft) Starting provider: STARGAZER/World Gen
[20:54:11] [Render thread/INFO] (Minecraft) STARGAZER/World Gen finished after 3 ms
[20:54:11] [Render thread/INFO] (Minecraft) Starting provider: STARGAZER/Model Definitions
[20:54:11] [Render thread/INFO] (Minecraft) STARGAZER/Model Definitions finished after 97 ms
[20:54:11] [Render thread/INFO] (Minecraft) Starting provider: STARGAZER/Advancements
[20:54:11] [Render thread/INFO] (Minecraft) STARGAZER/Advancements finished after 14 ms
[20:54:11] [Render thread/INFO] (Minecraft) Starting provider: STARGAZER/Entity Loot Tables
[20:54:11] [Render thread/INFO] (Minecraft) STARGAZER/Entity Loot Tables finished after 1 ms
[20:54:11] [Render thread/INFO] (Minecraft) Starting provider: STARGAZER/Tags for minecraft:point_of_interest_type
[20:54:11] [Render thread/INFO] (Minecraft) STARGAZER/Tags for minecraft:point_of_interest_type finished after 0 ms
[20:54:11] [Render thread/INFO] (Minecraft) Starting provider: STARGAZER/Stargazer Equipment Asset Definitions
[20:54:11] [Render thread/INFO] (Minecraft) STARGAZER/Stargazer Equipment Asset Definitions finished after 3 ms
[20:54:11] [Render thread/INFO] (Minecraft) Starting provider: STARGAZER/Language (en_us)
[20:54:11] [Render thread/INFO] (Minecraft) STARGAZER/Language (en_us) finished after 22 ms
[20:54:11] [Render thread/INFO] (Minecraft) Starting provider: STARGAZER/Stargazer Falling Objects Generator
[20:54:11] [Render thread/INFO] (Minecraft) STARGAZER/Stargazer Falling Objects Generator finished after 0 ms
[20:54:11] [Render thread/INFO] (Minecraft) Starting provider: STARGAZER/Stargazer Falling Objects List Generator
[20:54:11] [Render thread/INFO] (Minecraft) STARGAZER/Stargazer Falling Objects List Generator finished after 1 ms
[20:54:11] [Render thread/INFO] (Minecraft) Starting provider: STARGAZER/Stargazer Cobblegen Generator
[20:54:11] [Render thread/INFO] (Minecraft) STARGAZER/Stargazer Cobblegen Generator finished after 0 ms
[20:54:11] [Render thread/INFO] (Minecraft) All providers took: 255 ms
[20:54:11] [Render thread/INFO] (Minecraft) Caching: total files: 1583, old count: 1583, new count: 1583, removed stale: 0, written: 1
