[20:54:10] [Render thread/INFO] ========================================
[20:54:10] [Render thread/INFO] Minecraft: 26.2
[20:54:10] [Render thread/INFO] Side: client
[20:54:10] [Render thread/INFO] Development: true
[20:54:10] [Render thread/INFO] Version: 26.2.820
[20:54:10] [Render thread/INFO] Loader:
[20:54:10] [Render thread/INFO] - Fabric: 0.19.3
[20:54:10] [Render thread/INFO] - Fabric API: 0.154.2+26.2
[20:54:10] [Render thread/INFO] Dependencies:
[20:54:10] [Render thread/INFO] - Cloth Config: 26.2.155
[20:54:10] [Render thread/INFO] - Architectury: 21.0.6
[20:54:10] [Render thread/INFO] Mixin: 0.8.7
[20:54:10] [Render thread/INFO] OS: Linux 7.2.6-zen2-1-zen (amd64)
[20:54:10] [Render thread/INFO] Java: 25.0.3 (Microsoft)
[20:54:10] [Render thread/INFO] ========================================
[20:54:10] [Render thread/INFO] Mods:
[20:54:10] [Render thread/INFO] - architectury: 21.0.6
[20:54:10] [Render thread/INFO] - cloth-basic-math: 0.6.1
[20:54:10] [Render thread/INFO] - cloth-config: 26.2.155
[20:54:10] [Render thread/INFO] - fabric-api: 0.154.2+26.2
[20:54:10] [Render thread/INFO] - fabric-api-base: 2.0.4+ece063239e
[20:54:10] [Render thread/INFO] - fabric-api-lookup-api-v1: 2.0.17+11e1c9a39e
[20:54:10] [Render thread/INFO] - fabric-biome-api-v1: 18.0.6+c7bd5b8e9e
[20:54:10] [Render thread/INFO] - fabric-block-api-v1: 3.0.3+ec56b6019e
[20:54:10] [Render thread/INFO] - fabric-block-getter-api-v2: 2.0.7+ec56b6019e
[20:54:10] [Render thread/INFO] - fabric-client-gametest-api-v1: 5.1.1+37925be69e
[20:54:10] [Render thread/INFO] - fabric-command-api-v2: 3.1.0+00cb03469e
[20:54:10] [Render thread/INFO] - fabric-content-registries-v0: 11.2.2+b7a678a99e
[20:54:10] [Render thread/INFO] - fabric-convention-tags-v2: 4.7.0+1f023a9e9e
[20:54:10] [Render thread/INFO] - fabric-crash-report-info-v1: 1.0.5+086d547a9e
[20:54:10] [Render thread/INFO] - fabric-creative-tab-api-v1: 5.0.14+d871b99e9e
[20:54:10] [Render thread/INFO] - fabric-data-attachment-api-v1: 2.2.17+aa0fd6fe9e
[20:54:10] [Render thread/INFO] - fabric-data-generation-api-v1: 25.4.4+9e7dc27f9e
[20:54:10] [Render thread/INFO] - fabric-debug-api-v1: 1.0.2+c792624d9e
[20:54:10] [Render thread/INFO] - fabric-dimensions-v1: 5.1.9+9cbf5da59e
[20:54:10] [Render thread/INFO] - fabric-entity-events-v1: 5.0.5+06488ac19e
[20:54:10] [Render thread/INFO] - fabric-events-interaction-v0: 5.2.6+8f57f7ee9e
[20:54:10] [Render thread/INFO] - fabric-game-rule-api-v1: 4.0.8+46a6d00c9e
[20:54:10] [Render thread/INFO] - fabric-gametest-api-v1: 4.0.21+4a7fa0819e
[20:54:10] [Render thread/INFO] - fabric-item-api-v1: 14.2.0+7aec7be39e
[20:54:10] [Render thread/INFO] - fabric-key-mapping-api-v1: 2.0.5+e2bdee789e
[20:54:10] [Render thread/INFO] - fabric-lifecycle-events-v1: 4.1.3+4575b05f9e
[20:54:10] [Render thread/INFO] - fabric-loot-api-v3: 3.0.17+06488ac19e
[20:54:10] [Render thread/INFO] - fabric-menu-api-v1: 2.0.16+086d547a9e
[20:54:10] [Render thread/INFO] - fabric-message-api-v1: 7.0.7+086d547a9e
[20:54:10] [Render thread/INFO] - fabric-model-loading-api-v1: 8.0.15+c80601bb9e
[20:54:10] [Render thread/INFO] - fabric-networking-api-v1: 6.3.3+72073ef09e
[20:54:10] [Render thread/INFO] - fabric-object-builder-api-v1: 24.1.0+6fcd5f039e
[20:54:10] [Render thread/INFO] - fabric-particles-v1: 5.0.18+d1756aa99e
[20:54:10] [Render thread/INFO] - fabric-permission-api-v1: 1.0.3+b7020ca29e
[20:54:10] [Render thread/INFO] - fabric-recipe-api-v1: 9.0.20+11e1c9a39e
[20:54:10] [Render thread/INFO] - fabric-registry-sync-v0: 7.1.0+c7bd5b8e9e
[20:54:10] [Render thread/INFO] - fabric-renderer-api-v1: 14.1.2+2b0d8a229e
[20:54:10] [Render thread/INFO] - fabric-renderer-indigo: 9.1.2+2b0d8a229e
[20:54:10] [Render thread/INFO] - fabric-rendering-fluids-v1: 6.0.4+06488ac19e
[20:54:10] [Render thread/INFO] - fabric-rendering-v1: 25.3.1+6988455e9e
[20:54:10] [Render thread/INFO] - fabric-resource-conditions-api-v1: 6.1.0+10e9a28b9e
[20:54:10] [Render thread/INFO] - fabric-resource-loader-v0: 3.3.20+4fc5413f9e
[20:54:10] [Render thread/INFO] - fabric-resource-loader-v1: 2.0.13+9edec1269e
[20:54:10] [Render thread/INFO] - fabric-screen-api-v1: 5.1.0+48e3c0b09e
[20:54:10] [Render thread/INFO] - fabric-serialization-api-v1: 2.0.4+11a26f319e
[20:54:10] [Render thread/INFO] - fabric-sound-api-v1: 2.0.5+11a26f319e
[20:54:10] [Render thread/INFO] - fabric-tag-api-v1: 2.1.3+794df31d9e
[20:54:10] [Render thread/INFO] - fabric-transfer-api-v1: 8.0.11+39b5a3929e
[20:54:10] [Render thread/INFO] - fabric-transitive-access-wideners-v1: 8.1.4+67c847259e
[20:54:10] [Render thread/INFO] - fabricloader: 0.19.3
[20:54:10] [Render thread/INFO] - geckolib: 5.5.3
[20:54:10] [Render thread/INFO] - java: 25
[20:54:10] [Render thread/INFO] - minecraft: 26.2
[20:54:10] [Render thread/INFO] - mixinextras: 0.5.4
[20:54:10] [Render thread/INFO] - roughlyenoughitems: 26.2.820
[20:54:10] [Render thread/INFO] - stargazer: 0.0.8
[20:54:10] [Render thread/INFO] - starlib: 1.0.2
[20:54:10] [Render thread/INFO] - team_reborn_energy: 5.0.0
[20:54:10] [Render thread/INFO] ========================================
[20:54:10] [Render thread/DEBUG] [REI] Added filtering rule [roughlyenoughitems:search]: INSTANCE
[20:54:10] [Render thread/DEBUG] [REI] Added filtering rule [roughlyenoughitems:manual]: INSTANCE
[20:54:10] [Render thread/DEBUG] [REI] Added filtering rule [roughlyenoughitems:basic]: INSTANCE
[20:54:10] [Render thread/INFO] [REI] Config loaded
[20:54:10] [Render thread/DEBUG] [REI] Config saved
[20:54:10] [Render thread/DEBUG] [REI] Config saved
[20:54:10] [Render thread/DEBUG] [REI] Config saved
[20:54:11] [Render thread/INFO] [REI] Registered plugin provider StargazerREICommon [stargazer] for REICommonPlugin
[20:54:11] [Render thread/INFO] [REI] Registered plugin provider DefaultPlugin [roughlyenoughitems] for REICommonPlugin
[20:54:11] [Render thread/INFO] [REI] Registered plugin provider DefaultRuntimePlugin [roughlyenoughitems] for REICommonPlugin
[20:54:11] [Render thread/DEBUG] [REI] Added filtering rule [roughlyenoughitems:hidden_from_recipe_viewers]: INSTANCE
[20:54:11] [Render thread/INFO] [REI] Registered plugin provider FabricFluidAPISupportPlugin for REICommonPlugin
[20:54:11] [Render thread/INFO] [REI] Registered plugin provider StargazerREIClient [stargazer] for REIClientPlugin
[20:54:11] [Render thread/INFO] [REI] Registered plugin provider DefaultClientPlugin [roughlyenoughitems] for REIClientPlugin
[20:54:11] [Render thread/INFO] [REI] Registered plugin provider DefaultClientRuntimePlugin [roughlyenoughitems] for REIClientPlugin
[20:54:11] [Render thread/INFO] [REI] Registered plugin provider HideIngredientsFromTagsPlugin [roughlyenoughitems] for REIClientPlugin
