[11:04:38] [main/INFO] (FabricLoader/GameProvider) Loading Minecraft 26.2 with Fabric Loader 0.19.5
[11:04:38] [main/INFO] (FabricLoader/Mappings) Mappings not present!
[11:04:38] [main/INFO] (FabricLoader) Loading 60 mods:
	- architectury 21.0.7
	- cloth-basic-math 0.6.1
	- cloth-config 26.2.155
	- fabric-advancement-api-v1 1.0.0+58719a3b9e
	- fabric-api 0.161.0+26.2
	- fabric-api-base 2.0.4+ece063239e
	- fabric-api-lookup-api-v1 2.0.18+11e1c9a39e
	- fabric-biome-api-v1 18.0.6+c7bd5b8e9e
	- fabric-block-api-v1 3.1.0+53515aab9e
	- fabric-block-getter-api-v2 2.0.7+ec56b6019e
	- fabric-client-gametest-api-v1 6.0.2+0f4f1dca9e
	- fabric-command-api-v2 3.1.0+00cb03469e
	- fabric-content-registries-v0 11.3.2+37b1aa249e
	- fabric-convention-tags-v2 4.7.1+1f023a9e9e
	- fabric-crash-report-info-v1 1.0.5+086d547a9e
	- fabric-creative-tab-api-v1 5.0.15+6468574f9e
	- fabric-data-attachment-api-v1 2.2.19+515ac5339e
	- fabric-data-generation-api-v1 25.6.0+c0da0b829e
	- fabric-debug-api-v1 1.0.2+c792624d9e
	- fabric-dimensions-v1 5.1.12+515ac5339e
	- fabric-entity-events-v1 5.0.5+06488ac19e
	- fabric-events-interaction-v0 5.2.8+515ac5339e
	- fabric-game-rule-api-v1 4.0.8+46a6d00c9e
	- fabric-gametest-api-v1 4.0.22+4a7fa0819e
	- fabric-item-api-v1 14.5.0+c68f6cbe9e
	- fabric-key-mapping-api-v1 2.0.5+e2bdee789e
	- fabric-lifecycle-events-v1 4.1.4+29b6eb019e
	- fabric-loot-api-v3 3.0.17+06488ac19e
	- fabric-menu-api-v1 2.0.17+086d547a9e
	- fabric-message-api-v1 7.0.8+bb2ed3f79e
	- fabric-model-loading-api-v1 8.0.17+c80601bb9e
	- fabric-networking-api-v1 6.3.4+2989c6a09e
	- fabric-object-builder-api-v1 24.1.1+6fcd5f039e
	- fabric-particles-v1 5.0.19+d1756aa99e
	- fabric-permission-api-v1 1.0.5+e442d8d09e
	- fabric-recipe-api-v1 9.0.22+11e1c9a39e
	- fabric-registry-sync-v0 7.1.1+c7bd5b8e9e
	- fabric-renderer-api-v1 14.1.4+2b0d8a229e
	- fabric-renderer-indigo 9.1.4+2b0d8a229e
	- fabric-rendering-fluids-v1 6.0.4+06488ac19e
	- fabric-rendering-v1 25.3.3+515ac5339e
	- fabric-resource-conditions-api-v1 6.1.0+10e9a28b9e
	- fabric-resource-loader-v0 3.3.20+4fc5413f9e
	- fabric-resource-loader-v1 2.0.13+9edec1269e
	- fabric-screen-api-v1 5.2.1+5087f8249e
	- fabric-serialization-api-v1 2.0.4+11a26f319e
	- fabric-sound-api-v1 2.0.5+11a26f319e
	- fabric-tag-api-v1 2.1.4+515ac5339e
	- fabric-transfer-api-v1 8.0.13+11dbb7d79e
	- fabric-transitive-access-wideners-v1 8.1.4+67c847259e
	- fabricloader 0.19.5
	- geckolib 5.5.3
	- generated_59a04ef 1.0.0
	- java 26
	- minecraft 26.2
	- mixinextras 0.5.5
	- roughlyenoughitems 26.2.820
	- stargazer 0.0.8.4
	- starlib 1.0.3
	- team_reborn_energy 5.0.0
[11:04:38] [main/INFO] (FabricLoader/Mixin) SpongePowered MIXIN Subsystem Version=0.8.7 Source=file:/home/wilwe/.gradle/caches/modules-2/files-2.1/net.fabricmc/sponge-mixin/0.17.4+mixin.0.8.7/5f66cc9f59b8efaa942155a3d5a30599bf6640dd/sponge-mixin-0.17.4+mixin.0.8.7.jar Service=Knot/Fabric Env=CLIENT
[11:04:40] [main/INFO] (FabricLoader/MixinExtras|Service) Initializing MixinExtras via com.llamalad7.mixinextras.service.MixinExtrasServiceImpl(version=0.5.5).
[11:04:40] [Datafixer Bootstrap #0/INFO] (Minecraft) 295 Datafixer optimizations took 354 milliseconds
[11:04:44] [Render thread/INFO] (Minecraft) Environment: Environment[sessionHost=https://sessionserver.mojang.com, servicesHost=https://api.minecraftservices.com, profilesHost=https://api.mojang.com, name=PROD]
[11:04:44] [Render thread/INFO] (Minecraft) Setting user: star_catcher_
[11:04:44] [Render thread/INFO] (NetworkManagerImpl) Registering C2S receiver with id stargazer:request_star_catch
[11:04:44] [Render thread/INFO] (NetworkManagerImpl) Registering C2S receiver with id stargazer:request_dash
[11:04:44] [Render thread/INFO] (stargazer) Stargazer packets registered
[11:04:45] [Render thread/INFO] (stargazer) Stargazer Creative Mode Tabs initialized
[11:04:45] [Download-2/ERROR] (Minecraft) Failed to fetch user properties
com.mojang.authlib.exceptions.InvalidCredentialsException: Status: 401
	at knot//com.mojang.authlib.exceptions.MinecraftClientHttpException.toAuthenticationException(MinecraftClientHttpException.java:70)
	at knot//com.mojang.authlib.yggdrasil.YggdrasilUserApiService.fetchProperties(YggdrasilUserApiService.java:173)
	at knot//net.minecraft.client.Minecraft.lambda$new$1(Minecraft.java:438)
	at java.base/java.util.concurrent.CompletableFuture$AsyncSupply.run(CompletableFuture.java:1789)
	at java.base/java.util.concurrent.ThreadPoolExecutor.runWorker(ThreadPoolExecutor.java:1090)
	at java.base/java.util.concurrent.ThreadPoolExecutor$Worker.run(ThreadPoolExecutor.java:614)
	at java.base/java.lang.Thread.run(Thread.java:1516)
Caused by: MinecraftClientHttpException[type=HTTP_ERROR, status=401, response=ErrorResponse[path=/player/attributes, error=null, errorMessage=null, details=null]]
	at knot//com.mojang.authlib.minecraft.client.MinecraftClient.buildHttpException(MinecraftClient.java:170)
	at knot//com.mojang.authlib.minecraft.client.MinecraftClient.readServiceResponse(MinecraftClient.java:147)
	at knot//com.mojang.authlib.minecraft.client.MinecraftClient.getWithEtag(MinecraftClient.java:81)
	at knot//com.mojang.authlib.minecraft.client.MinecraftClient.get(MinecraftClient.java:65)
	at knot//com.mojang.authlib.yggdrasil.YggdrasilUserApiService.fetchProperties(YggdrasilUserApiService.java:123)
	... 5 more
[11:04:45] [Render thread/INFO] (REI) [REI] Config loaded
[11:04:45] [Render thread/INFO] (REI) [REI] Registered plugin provider StargazerREICommon [stargazer] for REICommonPlugin
[11:04:45] [Render thread/INFO] (ClientNetworkManagerImpl) Registering S2C receiver with id roughlyenoughitems:request_tags_s2c
[11:04:45] [Render thread/INFO] (NetworkManagerImpl) Registering C2S receiver with id roughlyenoughitems:request_tags_c2s
[11:04:45] [Render thread/INFO] (REI) [REI] Registered plugin provider DefaultPlugin [roughlyenoughitems] for REICommonPlugin
[11:04:45] [Render thread/INFO] (REI) [REI] Registered plugin provider DefaultRuntimePlugin [roughlyenoughitems] for REICommonPlugin
[11:04:45] [Render thread/INFO] (REI) [REI] Registered plugin provider FabricFluidAPISupportPlugin for REICommonPlugin
[11:04:45] [Render thread/INFO] (NetworkManagerImpl) Registering C2S receiver with id roughlyenoughitems:delete_item
[11:04:45] [Render thread/INFO] (NetworkManagerImpl) Registering C2S receiver with id roughlyenoughitems:create_item
[11:04:45] [Render thread/INFO] (NetworkManagerImpl) Registering C2S receiver with id roughlyenoughitems:create_item_grab
[11:04:45] [Render thread/INFO] (NetworkManagerImpl) Registering C2S receiver with id roughlyenoughitems:create_item_hotbar
[11:04:45] [Render thread/INFO] (NetworkManagerImpl) Registering C2S receiver with id roughlyenoughitems:move_items_new
[11:04:45] [Render thread/INFO] (stargazer) Loading Block Rendering
[11:04:45] [Render thread/INFO] (stargazer) Loading GeckoLib Block Rendering
[11:04:45] [Render thread/INFO] (stargazer) Loading End Client Tick Events
[11:04:45] [Render thread/INFO] (Indigo) [Indigo] Registering Indigo renderer!
[11:04:46] [Render thread/INFO] (ClientNetworkManagerImpl) Registering S2C receiver with id architectury:spawn_entity_packet
[11:04:46] [Render thread/INFO] (REI) [REI] Registered plugin provider StargazerREIClient [stargazer] for REIClientPlugin
[11:04:46] [Render thread/INFO] (REI) [REI] Registered plugin provider DefaultClientPlugin [roughlyenoughitems] for REIClientPlugin
[11:04:46] [Render thread/INFO] (REI) [REI] Registered plugin provider DefaultClientRuntimePlugin [roughlyenoughitems] for REIClientPlugin
[11:04:46] [Render thread/INFO] (REI) [REI] Registered plugin provider HideIngredientsFromTagsPlugin [roughlyenoughitems] for REIClientPlugin
[11:04:46] [Render thread/INFO] (ClientNetworkManagerImpl) Registering S2C receiver with id roughlyenoughitems:ci_msg
[11:04:46] [Render thread/INFO] (ClientNetworkManagerImpl) Registering S2C receiver with id roughlyenoughitems:og_not_enough
[11:04:46] [Render thread/INFO] (ClientNetworkManagerImpl) Registering S2C receiver with id roughlyenoughitems:sync_displays
[11:04:46] [Render thread/INFO] (Minecraft) Backend library: LWJGL version 3.4.1-snapshot
[11:04:46] [Render thread/INFO] (Minecraft) Using graphics backend OpenGL, using drivers: 4.6 (Core Profile) Mesa 26.2.2-arch1.1
[11:04:46] [Render thread/INFO] (Minecraft) Using graphics device: AMD Radeon Graphics (radeonsi, renoir, ACO, DRM 3.64, 7.2.6-zen2-1-zen) (AMD)
[11:04:46] [Render thread/INFO] (Minecraft) Using graphics device extensions: GL_ARB_multi_draw_indirect, GL_ARB_buffer_storage, GL_ARB_shader_draw_parameters, GL_ARB_base_instance, GL_KHR_debug, GL_ARB_draw_indirect, GL_ARB_clip_control, GL_ARB_vertex_attrib_binding, GL_ARB_direct_state_access, GL_EXT_texture_filter_anisotropic
[11:04:47] [Render thread/ERROR] (Minecraft) Error while loading the narrator
com.mojang.text2speech.Narrator$InitializeException: Failed to load library flite
	at knot//com.mojang.text2speech.NarratorLinux$FliteLibrary.loadNative(NarratorLinux.java:82)
	at knot//com.mojang.text2speech.NarratorLinux.<init>(NarratorLinux.java:19)
	at knot//com.mojang.text2speech.Narrator.getNarrator(Narrator.java:41)
	at knot//net.minecraft.client.GameNarrator.<init>(GameNarrator.java:20)
	at knot//net.minecraft.client.Minecraft.<init>(Minecraft.java:733)
	at knot//net.minecraft.client.main.Main.main(Main.java:278)
	at net.fabricmc.loader.impl.game.minecraft.MinecraftGameProvider.launch(MinecraftGameProvider.java:517)
	at net.fabricmc.loader.impl.launch.knot.Knot.launch(Knot.java:72)
	at net.fabricmc.loader.impl.launch.knot.KnotClient.main(KnotClient.java:23)
	at net.fabricmc.devlaunchinjector.Main.main(Main.java:86)
	at dev.architectury.transformer.TransformerRuntime.main(TransformerRuntime.java:220)
Caused by: java.lang.UnsatisfiedLinkError: Unable to load library 'flite':
libflite.so: cannot open shared object file: No such file or directory
libflite.so: cannot open shared object file: No such file or directory
Native library (linux-x86-64/libflite.so) not found in resource path (/home/wilwe/Dokumenty/GitHub/stargazer_mod/fabric/build/classes/java/main:/home/wilwe/Dokumenty/GitHub/stargazer_mod/fabric/build/resources/main:/home/wilwe/.gradle/caches/modules-2/files-2.1/dev.architectury/architectury-transformer/5.2.92/1ea8fe9cb282e9a2ced97868b5bd022bfaa8dbd/architectury-transformer-5.2.92-agent.jar:/home/wilwe/.gradle/caches/modules-2/files-2.1/dev.architectury/architectury-transformer/5.2.92/bdb7ff889a4e1acf8b9bc1914c51d73c0764dd4b/architectury-transformer-5.2.92-runtime.jar:/home/wilwe/Dokumenty/GitHub/stargazer_mod/common/build/libs/stargazer-common-0.0.8.4-dev.jar:/home/wilwe/.gradle/caches/modules-2/files-2.1/com.geckolib/geckolib-fabric-26.2/5.5.3/a4a19c46400da1c232df559cc026e8e4ef419845/geckolib-fabric-26.2-5.5.3.jar:/home/wilwe/.m2/repository/com/github/starcatcher21/starlib/starlib-fabric/1.0.3/starlib-fabric-1.0.3.jar:/home/wilwe/.gradle/caches/modules-2/files-2.1/me.shedaniel/RoughlyEnoughItems-fabric/26.2.820/a57f1180a72e5f5541ad3cf63a799e95140882e6/RoughlyEnoughItems-fabric-26.2.820.jar:/home/wilwe/.gradle/caches/modules-2/files-2.1/me.shedaniel.cloth/cloth-config-fabric/26.2.155/babcf16dbd15e09d326e21ffe85ab3f7d843ef9e/cloth-config-fabric-26.2.155.jar:/home/wilwe/.gradle/caches/modules-2/files-2.1/dev.architectury/architectury-fabric/21.0.7/7c00161fc93303ba504f02f6bf3e3f42b99e1d84/architectury-fabric-21.0.7.jar:/home/wilwe/.gradle/caches/modules-2/files-2.1/net.fabricmc/fabric-loader/0.19.5/ff9e65cffca4a67f31523e1807fe0855940fcbfa/fabric-loader-0.19.5.jar:/home/wilwe/.gradle/caches/modules-2/files-2.1/net.fabricmc.fabric-api/fabric-api/0.161.0+26.2/332da34ebb72171e603a0c538de17f4c54ea9e29/fabric-api-0.161.0+26.2.jar:/home/wilwe/.gradle/caches/modules-2/files-2.1/teamreborn/energy/5.0.0/c7b3f01292365bcb29940af26ed7047d5c538e7e/energy-5.0.0.jar:/home/wilwe/.gradle/caches/modules-2/files-2.1/org.ow2.asm/asm/9.10.1/ada2141c0cc52ee8f5c48cd5fa4ce0e794f22236/asm-9.10.1.jar:/home/wilwe/.gradle/caches/modules-2/files-2.1/org.ow2.asm/asm-analysis/9.10.1/8d49f14d51f632cb1d87c88d1ceaf50db0d8af1b/asm-analysis-9.10.1.jar:/home/wilwe/.gradle/caches/modules-2/files-2.1/org.ow2.asm/asm-commons/9.10.1/4229e4c55fd8e01c23f9fe9884075cc628aacc50/asm-commons-9.10.1.jar:/home/wilwe/.gradle/caches/modules-2/files-2.1/org.ow2.asm/asm-tree/9.10.1/e244332a17564c1d1572449399a842de35881be2/asm-tree-9.10.1.jar:/home/wilwe/.gradle/caches/modules-2/files-2.1/org.ow2.asm/asm-util/9.10.1/7bb9d450e8d4cbf9f9e04096c44bbfe7fba80b15/asm-util-9.10.1.jar:/home/wilwe/.gradle/caches/modules-2/files-2.1/net.fabricmc/sponge-mixin/0.17.4+mixin.0.8.7/5f66cc9f59b8efaa942155a3d5a30599bf6640dd/sponge-mixin-0.17.4+mixin.0.8.7.jar:/home/wilwe/.gradle/caches/modules-2/files-2.1/io.github.llamalad7/mixinextras-fabric/0.5.5/d1055b99c0ab08a8403fe2da3d79ca28e6340a76/mixinextras-fabric-0.5.5.jar:/home/wilwe/.gradle/caches/modules-2/files-2.1/net.fabricmc/dev-launch-injector/0.2.1+build.8/da8bef7e6e2f952da707f282bdb46882a0fce5e3/dev-launch-injector-0.2.1+build.8.jar:/home/wilwe/.gradle/caches/modules-2/files-2.1/net.fabricmc/fabric-log4j-util/1.0.2/ef0b3fb613356feb75a67d54f2fad6f03a006648/fabric-log4j-util-1.0.2.jar:/home/wilwe/.gradle/caches/modules-2/files-2.1/at.yawk.lz4/lz4-java/1.10.1/f541d7f910fe3d76f38f799c507c48cc81b12ecb/lz4-java-1.10.1.jar:/home/wilwe/.gradle/caches/modules-2/files-2.1/com.azure/azure-json/1.4.0/fcc1d354dbc3e0300e5276b1bf124d0247799cd8/azure-json-1.4.0.jar:/home/wilwe/.gradle/caches/modules-2/files-2.1/com.github.oshi/oshi-core/6.9.0/3224870731860cfcd7744581a05b559e94291e7/oshi-core-6.9.0.jar:/home/wilwe/.gradle/caches/modules-2/files-2.1/com.moandjiezana.toml/toml4j/0.7.2/a03337911d0bd2c40932aca3946edb30d0e7d0c/toml4j-0.7.2.jar:/home/wilwe/.gradle/caches/modules-2/files-2.1/com.google.code.gson/gson/2.14.0/efc0e34ede4e3204eaefb84a00e55e8c86634382/gson-2.14.0.jar:/home/wilwe/.gradle/caches/modules-2/files-2.1/com.google.guava/failureaccess/1.0.3/aeaffd00d57023a2c947393ed251f0354f0985fc/failureaccess-1.0.3.jar:/home/wilwe/.gradle/caches/modules-2/files-2.1/com.google.guava/guava/33.6.0-jre/c376b13067cc99a5774403530953f7b05a91e218/guava-33.6.0-jre.jar:/home/wilwe/.gradle/caches/modules-2/files-2.1/com.ibm.icu/icu4j/78.3/6a851a53bb1f25689fc418dcc8935b0d93580adf/icu4j-78.3.jar:/home/wilwe/.gradle/caches/modules-2/files-2.1/com.microsoft.azure/msal4j/1.24.1/c233f2d047b9755f7041adf21a858c680e4c9242/msal4j-1.24.1.jar:/home/wilwe/.gradle/caches/modules-2/files-2.1/com.mojang/authlib/9.0.75/d61056a234d5e4b272e09d59b0713f80d6c0b6af/authlib-9.0.75.jar:/home/wilwe/.gradle/caches/modules-2/files-2.1/com.mojang/blocklist/1.0.10/5c685c5ffa94c4cd39496c7184c1d122e515ecef/blocklist-1.0.10.jar:/home/wilwe/.gradle/caches/modules-2/files-2.1/com.mojang/brigadier/1.3.10/d15b53a14cf20fdcaa98f731af5dda654452c010/brigadier-1.3.10.jar:/home/wilwe/.gradle/caches/modules-2/files-2.1/com.mojang/datafixerupper/10.0.21/b6b2ae770c02e0c1eb90f9985b151e9085a38d0b/datafixerupper-10.0.21.jar:/home/wilwe/.gradle/caches/modules-2/files-2.1/com.mojang/jtracy/1.0.37/a3fb649b2e2b2288d2978f0b0bc3d83f62809d1e/jtracy-1.0.37.jar:/home/wilwe/.gradle/caches/modules-2/files-2.1/com.mojang/jtracy/1.0.37/e1b4395227af41195da9e2ead13c48ee0b7d31cd/jtracy-1.0.37-natives-linux.jar:/home/wilwe/.gradle/caches/modules-2/files-2.1/com.mojang/logging/1.7.12/351cea64a5233361327d8d54c44277041beed97f/logging-1.7.12.jar:/home/wilwe/.gradle/caches/modules-2/files-2.1/com.mojang/patchy/2.2.10/da05971b07cbb379d002cf7eaec6a2048211fefc/patchy-2.2.10.jar:/home/wilwe/.gradle/caches/modules-2/files-2.1/com.mojang/text2speech/1.19.12/2e517a75c79d34d32de2b5d68422150836c2133e/text2speech-1.19.12.jar:/home/wilwe/.gradle/caches/modules-2/files-2.1/commons-codec/commons-codec/1.22.0/6b3eb4beb7058c2a638f5f17bcb388649fd339dd/commons-codec-1.22.0.jar:/home/wilwe/.gradle/caches/modules-2/files-2.1/commons-io/commons-io/2.20.0/36f3474daec2849c149e877614e7f979b2082cd2/commons-io-2.20.0.jar:/home/wilwe/.gradle/caches/modules-2/files-2.1/io.netty/netty-buffer/4.2.15.Final/2beb620803bf871cda2dd5d46b8f831e8015dd34/netty-buffer-4.2.15.Final.jar:/home/wilwe/.gradle/caches/modules-2/files-2.1/io.netty/netty-codec-base/4.2.15.Final/e97149fdd5fb04858efa90e314651c8d700dc68b/netty-codec-base-4.2.15.Final.jar:/home/wilwe/.gradle/caches/modules-2/files-2.1/io.netty/netty-codec-compression/4.2.15.Final/89fc4a20b7ae6af974304b1695405e62c4f9b16d/netty-codec-compression-4.2.15.Final.jar:/home/wilwe/.gradle/caches/modules-2/files-2.1/io.netty/netty-codec-http/4.2.15.Final/e611826aa054371bb9a17f27bdb05755a4cac5f0/netty-codec-http-4.2.15.Final.jar:/home/wilwe/.gradle/caches/modules-2/files-2.1/io.netty/netty-common/4.2.15.Final/7222492c1af9c2d4d78d521eea340a619e242fda/netty-common-4.2.15.Final.jar:/home/wilwe/.gradle/caches/modules-2/files-2.1/io.netty/netty-handler/4.2.15.Final/d5344afd1148e3b9927a74be019605ebb0937a93/netty-handler-4.2.15.Final.jar:/home/wilwe/.gradle/caches/modules-2/files-2.1/io.netty/netty-resolver/4.2.15.Final/b961a16d379b508b473e064ba06842bba280f4e3/netty-resolver-4.2.15.Final.jar:/home/wilwe/.gradle/caches/modules-2/files-2.1/io.netty/netty-transport-classes-epoll/4.2.15.Final/44bafba9c9993800e955b365bba4981326f3f3b1/netty-transport-classes-epoll-4.2.15.Final.jar:/home/wilwe/.gradle/caches/modules-2/files-2.1/io.netty/netty-transport-classes-kqueue/4.2.15.Final/f248656bb907607c5a41c7b61fd918a97db79250/netty-transport-classes-kqueue-4.2.15.Final.jar:/home/wilwe/.gradle/caches/modules-2/files-2.1/io.netty/netty-transport-native-epoll/4.2.15.Final/cccd31f2c8e966ab1e7a4d2293c8a3965628fe73/netty-transport-native-epoll-4.2.15.Final-linux-aarch_64.jar:/home/wilwe/.gradle/caches/modules-2/files-2.1/io.netty/netty-transport-native-epoll/4.2.15.Final/ce256127f8ed3f076756f1f4dcb5877d65d1f1c2/netty-transport-native-epoll-4.2.15.Final-linux-x86_64.jar:/home/wilwe/.gradle/caches/modules-2/files-2.1/io.netty/netty-transport-native-unix-common/4.2.15.Final/efb6943b4de9e0226a5ac35330f232605424af02/netty-transport-native-unix-common-4.2.15.Final.jar:/home/wilwe/.gradle/caches/modules-2/files-2.1/io.netty/netty-transport/4.2.15.Final/a000c3a6196ee40207b73ac619dcb339409dd62f/netty-transport-4.2.15.Final.jar:/home/wilwe/.gradle/caches/modules-2/files-2.1/it.unimi.dsi/fastutil/8.5.18/a6cff377eecc19c2037bf31568a6d7106b50ba1f/fastutil-8.5.18.jar:/home/wilwe/.gradle/caches/modules-2/files-2.1/net.java.dev.jna/jna-platform/5.17.0/a4934c44d25a9d8c2ddf4203affd20330cb3426f/jna-platform-5.17.0.jar:/home/wilwe/.m2/repository/net/java/dev/jna/jna/5.17.0/jna-5.17.0.jar:/home/wilwe/.gradle/caches/modules-2/files-2.1/net.sf.jopt-simple/jopt-simple/5.0.4/4fdac2fbe92dfad86aa6e9301736f6b4342a3f5c/jopt-simple-5.0.4.jar:/home/wilwe/.gradle/caches/modules-2/files-2.1/org.apache.commons/commons-compress/1.28.0/e482f2c7a88dac3c497e96aa420b6a769f59c8d7/commons-compress-1.28.0.jar:/home/wilwe/.gradle/caches/modules-2/files-2.1/org.apache.commons/commons-lang3/3.20.0/65897b3e5731220962e659e001904af3c3cbeba9/commons-lang3-3.20.0.jar:/home/wilwe/.gradle/caches/modules-2/files-2.1/org.apache.logging.log4j/log4j-api/2.26.0/ad52af0ecf054a7e3f275a2e180ee06d9c490951/log4j-api-2.26.0.jar:/home/wilwe/.gradle/caches/modules-2/files-2.1/org.apache.logging.log4j/log4j-core/2.26.0/d267ca60b27ddb075e0b4e75e7875859717bf85f/log4j-core-2.26.0.jar:/home/wilwe/.gradle/caches/modules-2/files-2.1/org.apache.logging.log4j/log4j-slf4j2-impl/2.26.0/668c0f0e813d83f00a7182533aa658ec7e7a0a0d/log4j-slf4j2-impl-2.26.0.jar:/home/wilwe/.gradle/caches/modules-2/files-2.1/org.jcraft/jorbis/0.0.17/8872d22b293e8f5d7d56ff92be966e6dc28ebdc6/jorbis-0.0.17.jar:/home/wilwe/.gradle/caches/modules-2/files-2.1/org.joml/joml/1.10.8/fc0a71dad90a2cf41d82a76156a0e700af8e4f8d/joml-1.10.8.jar:/home/wilwe/.gradle/caches/modules-2/files-2.1/org.jspecify/jspecify/1.0.0/7425a601c1c7ec76645a78d22b8c6a627edee507/jspecify-1.0.0.jar:/home/wilwe/.gradle/caches/modules-2/files-2.1/org.lwjgl/lwjgl-freetype/3.4.1/caa75a37e857efc9b0686e434d708d6420c5b6ea/lwjgl-freetype-3.4.1.jar:/home/wilwe/.gradle/caches/modules-2/files-2.1/org.lwjgl/lwjgl-freetype/3.4.1/40a29a29b1549c4cad073ccd682e3776ffb454fa/lwjgl-freetype-3.4.1-natives-linux.jar:/home/wilwe/.gradle/caches/modules-2/files-2.1/org.lwjgl/lwjgl-glfw/3.4.1/a782b1ddd175c9107bf300fd92920579ea65e2a4/lwjgl-glfw-3.4.1.jar:/home/wilwe/.gradle/caches/modules-2/files-2.1/org.lwjgl/lwjgl-glfw/3.4.1/23cdf7655ce9f3b27ad90f08e73345e0d5b46362/lwjgl-glfw-3.4.1-natives-linux.jar:/home/wilwe/.gradle/caches/modules-2/files-2.1/org.lwjgl/lwjgl-jemalloc/3.4.1/16b663092854fc6adfe0a941e61cae2bb2e437b6/lwjgl-jemalloc-3.4.1.jar:/home/wilwe/.gradle/caches/modules-2/files-2.1/org.lwjgl/lwjgl-jemalloc/3.4.1/b83c82d941f2e624d150d6d1e2efcf4ea49ff8ea/lwjgl-jemalloc-3.4.1-natives-linux.jar:/home/wilwe/.gradle/caches/modules-2/files-2.1/org.lwjgl/lwjgl-openal/3.4.1/8508bd60589de0539aa465b78fcf838efd07ae9a/lwjgl-openal-3.4.1.jar:/home/wilwe/.gradle/caches/modules-2/files-2.1/org.lwjgl/lwjgl-openal/3.4.1/dbff577119266cd4312e4eb9cc2b171407c56360/lwjgl-openal-3.4.1-natives-linux.jar:/home/wilwe/.gradle/caches/modules-2/files-2.1/org.lwjgl/lwjgl-opengl/3.4.1/830412cab823c029cda6b9729f9d2ed36cf79959/lwjgl-opengl-3.4.1.jar:/home/wilwe/.gradle/caches/modules-2/files-2.1/org.lwjgl/lwjgl-opengl/3.4.1/b750599f0e75ddb19f1d0fe993f3011334b710ae/lwjgl-opengl-3.4.1-natives-linux.jar:/home/wilwe/.gradle/caches/modules-2/files-2.1/org.lwjgl/lwjgl-shaderc/3.4.1/5c02c88f0d879529014c78463b76f43fdecfd272/lwjgl-shaderc-3.4.1.jar:/home/wilwe/.gradle/caches/modules-2/files-2.1/org.lwjgl/lwjgl-shaderc/3.4.1/4289bdfa998c4afcdfa7c6925baf50e938113188/lwjgl-shaderc-3.4.1-natives-linux.jar:/home/wilwe/.gradle/caches/modules-2/files-2.1/org.lwjgl/lwjgl-spvc/3.4.1/188553592e97b5ab2dba54a1b403ee80b48dad4c/lwjgl-spvc-3.4.1.jar:/home/wilwe/.gradle/caches/modules-2/files-2.1/org.lwjgl/lwjgl-spvc/3.4.1/6ea8d9edcfcc5664d14e11b9a37a1a900783584a/lwjgl-spvc-3.4.1-natives-linux.jar:/home/wilwe/.gradle/caches/modules-2/files-2.1/org.lwjgl/lwjgl-stb/3.4.1/f077c3dafc31924fbe8acb0b913f08977ba27f8e/lwjgl-stb-3.4.1.jar:/home/wilwe/.gradle/caches/modules-2/files-2.1/org.lwjgl/lwjgl-stb/3.4.1/7e1cfae909da6c68f3cb6073a9bfeb6c90e82a57/lwjgl-stb-3.4.1-natives-linux.jar:/home/wilwe/.gradle/caches/modules-2/files-2.1/org.lwjgl/lwjgl-tinyfd/3.4.1/562697d40dbd2ed0424bf24dcf65d51170f81adf/lwjgl-tinyfd-3.4.1.jar:/home/wilwe/.gradle/caches/modules-2/files-2.1/org.lwjgl/lwjgl-tinyfd/3.4.1/fc6a72690afc8defb60d82ad1de64dd8f537154c/lwjgl-tinyfd-3.4.1-natives-linux.jar:/home/wilwe/.gradle/caches/modules-2/files-2.1/org.lwjgl/lwjgl-vma/3.4.1/2c54ce10154feb1ede4d23c5947438cdbfdcc003/lwjgl-vma-3.4.1.jar:/home/wilwe/.gradle/caches/modules-2/files-2.1/org.lwjgl/lwjgl-vma/3.4.1/1d5d00e4abed992e0850aa970d338453ebbd3e0c/lwjgl-vma-3.4.1-natives-linux.jar:/home/wilwe/.gradle/caches/modules-2/files-2.1/org.lwjgl/lwjgl-vulkan/3.4.1/d0601fdc38890755e5638048c14cc0f7b990964b/lwjgl-vulkan-3.4.1.jar:/home/wilwe/.gradle/caches/modules-2/files-2.1/org.lwjgl/lwjgl/3.4.1/129e06a04f93992cb2a45172435b21fc4b60dd7d/lwjgl-3.4.1-unsafe.jar:/home/wilwe/.gradle/caches/modules-2/files-2.1/org.lwjgl/lwjgl/3.4.1/2734e106bd95db49fe0da8cf8bf7fd96475c436c/lwjgl-3.4.1-natives-linux.jar:/home/wilwe/.gradle/caches/modules-2/files-2.1/org.slf4j/slf4j-api/2.0.17/d9e58ac9c7779ba3bf8142aff6c830617a7fe60f/slf4j-api-2.0.17.jar:/home/wilwe/Dokumenty/GitHub/stargazer_mod/.gradle/loom-cache/minecraftMaven/net/minecraft/minecraft-merged-37ca00bc07/26.2/minecraft-merged-37ca00bc07-26.2.jar:/home/wilwe/.gradle/caches/modules-2/files-2.1/io.netty/netty-transport-native-kqueue/4.2.15.Final/4245380831515fb4eca18d32477a27fbb8f7b8f4/netty-transport-native-kqueue-4.2.15.Final-osx-x86_64.jar:/home/wilwe/.gradle/caches/modules-2/files-2.1/io.netty/netty-transport-native-kqueue/4.2.15.Final/8ea0ef3eb716d821332e4b4926825a4b7c1a6d38/netty-transport-native-kqueue-4.2.15.Final-osx-aarch_64.jar:/home/wilwe/.gradle/caches/modules-2/files-2.1/net.fabricmc.fabric-api/fabric-advancement-api-v1/1.0.0+58719a3b9e/4394b4ce7f29690f622da915d780493148b974cb/fabric-advancement-api-v1-1.0.0+58719a3b9e.jar:/home/wilwe/.gradle/caches/modules-2/files-2.1/net.fabricmc.fabric-api/fabric-transfer-api-v1/8.0.13+11dbb7d79e/10f39a4b46043bc724c7ea3b93bcc0243e592abb/fabric-transfer-api-v1-8.0.13+11dbb7d79e.jar:/home/wilwe/.gradle/caches/modules-2/files-2.1/net.fabricmc.fabric-api/fabric-api-lookup-api-v1/2.0.18+11e1c9a39e/31fc094d5f4d878ed12bba2e5e8cdb42b26d83ae/fabric-api-lookup-api-v1-2.0.18+11e1c9a39e.jar:/home/wilwe/.gradle/caches/modules-2/files-2.1/net.fabricmc.fabric-api/fabric-block-api-v1/3.1.0+53515aab9e/46cf7e7564fbbb13d099c3fe1b065561f14e268f/fabric-block-api-v1-3.1.0+53515aab9e.jar:/home/wilwe/.gradle/caches/modules-2/files-2.1/net.fabricmc.fabric-api/fabric-command-api-v2/3.1.0+00cb03469e/b144d197307c39c1bc516c274d9460f0116131a3/fabric-command-api-v2-3.1.0+00cb03469e.jar:/home/wilwe/.gradle/caches/modules-2/files-2.1/net.fabricmc.fabric-api/fabric-content-registries-v0/11.3.2+37b1aa249e/6f664a04bd603be3564b614caafa898e2fc9c67c/fabric-content-registries-v0-11.3.2+37b1aa249e.jar:/home/wilwe/.gradle/caches/modules-2/files-2.1/net.fabricmc.fabric-api/fabric-data-generation-api-v1/25.6.0+c0da0b829e/6b314081c5999c2094b6a92323c055d59bf7e639/fabric-data-generation-api-v1-25.6.0+c0da0b829e.jar:/home/wilwe/.gradle/caches/modules-2/files-2.1/net.fabricmc.fabric-api/fabric-convention-tags-v2/4.7.1+1f023a9e9e/e465c608c60ceb105c4f5d792460f5de02d90135/fabric-convention-tags-v2-4.7.1+1f023a9e9e.jar:/home/wilwe/.gradle/caches/modules-2/files-2.1/net.fabricmc.fabric-api/fabric-creative-tab-api-v1/5.0.15+6468574f9e/b8896143a3467ad9eeff3bda41fb787bc080019e/fabric-creative-tab-api-v1-5.0.15+6468574f9e.jar:/home/wilwe/.gradle/caches/modules-2/files-2.1/net.fabricmc.fabric-api/fabric-data-attachment-api-v1/2.2.19+515ac5339e/6ac7e37bdfaf6b9fc26be152d01daa0f95d799a2/fabric-data-attachment-api-v1-2.2.19+515ac5339e.jar:/home/wilwe/.gradle/caches/modules-2/files-2.1/net.fabricmc.fabric-api/fabric-debug-api-v1/1.0.2+c792624d9e/9f0581bb985edf22a0d812dbe67178bd2849286/fabric-debug-api-v1-1.0.2+c792624d9e.jar:/home/wilwe/.gradle/caches/modules-2/files-2.1/net.fabricmc.fabric-api/fabric-dimensions-v1/5.1.12+515ac5339e/b9d60e3ceee08f0fbc6f19fe8264c82c5fc2d122/fabric-dimensions-v1-5.1.12+515ac5339e.jar:/home/wilwe/.gradle/caches/modules-2/files-2.1/net.fabricmc.fabric-api/fabric-entity-events-v1/5.0.5+06488ac19e/5cbecb675b91d0ebfe2ef3f20339e1a2c76c435/fabric-entity-events-v1-5.0.5+06488ac19e.jar:/home/wilwe/.gradle/caches/modules-2/files-2.1/net.fabricmc.fabric-api/fabric-events-interaction-v0/5.2.8+515ac5339e/98650380bb4e65a3deb6254e7c10a171eb907477/fabric-events-interaction-v0-5.2.8+515ac5339e.jar:/home/wilwe/.gradle/caches/modules-2/files-2.1/net.fabricmc.fabric-api/fabric-game-rule-api-v1/4.0.8+46a6d00c9e/886816530fb79c925eb1bc6c34dd4d9d82e71d49/fabric-game-rule-api-v1-4.0.8+46a6d00c9e.jar:/home/wilwe/.gradle/caches/modules-2/files-2.1/net.fabricmc.fabric-api/fabric-gametest-api-v1/4.0.22+4a7fa0819e/3fb91749fe4f238518d2980fdc18454016949190/fabric-gametest-api-v1-4.0.22+4a7fa0819e.jar:/home/wilwe/.gradle/caches/modules-2/files-2.1/net.fabricmc.fabric-api/fabric-item-api-v1/14.5.0+c68f6cbe9e/c2d241b01e3c083637adb17c2c8ff798cb752d5a/fabric-item-api-v1-14.5.0+c68f6cbe9e.jar:/home/wilwe/.gradle/caches/modules-2/files-2.1/net.fabricmc.fabric-api/fabric-recipe-api-v1/9.0.22+11e1c9a39e/e756703eda39613f8d638521829b673c92276604/fabric-recipe-api-v1-9.0.22+11e1c9a39e.jar:/home/wilwe/.gradle/caches/modules-2/files-2.1/net.fabricmc.fabric-api/fabric-model-loading-api-v1/8.0.17+c80601bb9e/b7b69be9cac7b63f853bd3c937c1b774c96a13fb/fabric-model-loading-api-v1-8.0.17+c80601bb9e.jar:/home/wilwe/.gradle/caches/modules-2/files-2.1/net.fabricmc.fabric-api/fabric-renderer-indigo/9.1.4+2b0d8a229e/48cdf540bd670fe9333a74dd1570316180d10ab3/fabric-renderer-indigo-9.1.4+2b0d8a229e.jar:/home/wilwe/.gradle/caches/modules-2/files-2.1/net.fabricmc.fabric-api/fabric-renderer-api-v1/14.1.4+2b0d8a229e/f6a6d234cc1073ffb871150d548d2164f8bc8d0b/fabric-renderer-api-v1-14.1.4+2b0d8a229e.jar:/home/wilwe/.gradle/caches/modules-2/files-2.1/net.fabricmc.fabric-api/fabric-rendering-v1/25.3.3+515ac5339e/b970a6d778b9867d6ea13d5437193f1e86a19c55/fabric-rendering-v1-25.3.3+515ac5339e.jar:/home/wilwe/.gradle/caches/modules-2/files-2.1/net.fabricmc.fabric-api/fabric-lifecycle-events-v1/4.1.4+29b6eb019e/54a508470dcea81513e39001b5c0bf9fae0f1d5/fabric-lifecycle-events-v1-4.1.4+29b6eb019e.jar:/home/wilwe/.gradle/caches/modules-2/files-2.1/net.fabricmc.fabric-api/fabric-loot-api-v3/3.0.17+06488ac19e/964f3985687b491093db6b9ff87b35106112b74d/fabric-loot-api-v3-3.0.17+06488ac19e.jar:/home/wilwe/.gradle/caches/modules-2/files-2.1/net.fabricmc.fabric-api/fabric-menu-api-v1/2.0.17+086d547a9e/2d35d55e2aa842d5eec1f9262a74074385c69cfb/fabric-menu-api-v1-2.0.17+086d547a9e.jar:/home/wilwe/.gradle/caches/modules-2/files-2.1/net.fabricmc.fabric-api/fabric-message-api-v1/7.0.8+bb2ed3f79e/106dc9ed22970076aaa39cd257b69705d136dd05/fabric-message-api-v1-7.0.8+bb2ed3f79e.jar:/home/wilwe/.gradle/caches/modules-2/files-2.1/net.fabricmc.fabric-api/fabric-client-gametest-api-v1/6.0.2+0f4f1dca9e/f54e52e7af5a41fdcf6715f87d09282b2dc9b0f2/fabric-client-gametest-api-v1-6.0.2+0f4f1dca9e.jar:/home/wilwe/.gradle/caches/modules-2/files-2.1/net.fabricmc.fabric-api/fabric-particles-v1/5.0.19+d1756aa99e/f6290d6511388b78455e2186d980553879343172/fabric-particles-v1-5.0.19+d1756aa99e.jar:/home/wilwe/.gradle/caches/modules-2/files-2.1/net.fabricmc.fabric-api/fabric-object-builder-api-v1/24.1.1+6fcd5f039e/90175252776d48f5c549835501e7fa227e68c4c8/fabric-object-builder-api-v1-24.1.1+6fcd5f039e.jar:/home/wilwe/.gradle/caches/modules-2/files-2.1/net.fabricmc.fabric-api/fabric-registry-sync-v0/7.1.1+c7bd5b8e9e/82c1ce3885265deb0c15970d4abadf0ae055a539/fabric-registry-sync-v0-7.1.1+c7bd5b8e9e.jar:/home/wilwe/.gradle/caches/modules-2/files-2.1/net.fabricmc.fabric-api/fabric-networking-api-v1/6.3.4+2989c6a09e/608860809ec66fd65ca764c4157e96030f330537/fabric-networking-api-v1-6.3.4+2989c6a09e.jar:/home/wilwe/.gradle/caches/modules-2/files-2.1/net.fabricmc.fabric-api/fabric-permission-api-v1/1.0.5+e442d8d09e/92197dd81a18322fd36b87de79bdaa8d2b4a1ba9/fabric-permission-api-v1-1.0.5+e442d8d09e.jar:/home/wilwe/.gradle/caches/modules-2/files-2.1/net.fabricmc.fabric-api/fabric-rendering-fluids-v1/6.0.4+06488ac19e/9ded3bc73b5ff3c441075d0c8eca988aacce1f1f/fabric-rendering-fluids-v1-6.0.4+06488ac19e.jar:/home/wilwe/.gradle/caches/modules-2/files-2.1/net.fabricmc.fabric-api/fabric-tag-api-v1/2.1.4+515ac5339e/f66a24273cdcc2ce424bf8c69cdc9cf48bdcb328/fabric-tag-api-v1-2.1.4+515ac5339e.jar:/home/wilwe/.gradle/caches/modules-2/files-2.1/net.fabricmc.fabric-api/fabric-resource-loader-v0/3.3.20+4fc5413f9e/c6551ab905383f3c8e046a403a78a25bebabaff0/fabric-resource-loader-v0-3.3.20+4fc5413f9e.jar:/home/wilwe/.gradle/caches/modules-2/files-2.1/net.fabricmc.fabric-api/fabric-resource-loader-v1/2.0.13+9edec1269e/db19bb66f069d7ed3dde41eb7e1f9ff3122c15a4/fabric-resource-loader-v1-2.0.13+9edec1269e.jar:/home/wilwe/.gradle/caches/modules-2/files-2.1/net.fabricmc.fabric-api/fabric-screen-api-v1/5.2.1+5087f8249e/ef9ad9a09f392eff05957c24c71e4da6797bb8d9/fabric-screen-api-v1-5.2.1+5087f8249e.jar:/home/wilwe/.gradle/caches/modules-2/files-2.1/net.fabricmc.fabric-api/fabric-api-base/2.0.4+ece063239e/e766f3698b7bab8b1e13683040f8648fab511ca3/fabric-api-base-2.0.4+ece063239e.jar:/home/wilwe/.gradle/caches/modules-2/files-2.1/net.fabricmc.fabric-api/fabric-biome-api-v1/18.0.6+c7bd5b8e9e/414c89d2bc8ab64dce1763edc4dbe4619113a5b/fabric-biome-api-v1-18.0.6+c7bd5b8e9e.jar:/home/wilwe/.gradle/caches/modules-2/files-2.1/net.fabricmc.fabric-api/fabric-block-getter-api-v2/2.0.7+ec56b6019e/8204045ca262749761be09b144618e6c4133ebe1/fabric-block-getter-api-v2-2.0.7+ec56b6019e.jar:/home/wilwe/.gradle/caches/modules-2/files-2.1/net.fabricmc.fabric-api/fabric-crash-report-info-v1/1.0.5+086d547a9e/119f48a9a648d86c89fe21444176d0032449d95c/fabric-crash-report-info-v1-1.0.5+086d547a9e.jar:/home/wilwe/.gradle/caches/modules-2/files-2.1/net.fabricmc.fabric-api/fabric-key-mapping-api-v1/2.0.5+e2bdee789e/c86dc688a7e9caa7edca9973dc6abfe37c652135/fabric-key-mapping-api-v1-2.0.5+e2bdee789e.jar:/home/wilwe/.gradle/caches/modules-2/files-2.1/net.fabricmc.fabric-api/fabric-resource-conditions-api-v1/6.1.0+10e9a28b9e/bfe91afa0e7712974b318ed7e274b493b038a596/fabric-resource-conditions-api-v1-6.1.0+10e9a28b9e.jar:/home/wilwe/.gradle/caches/modules-2/files-2.1/net.fabricmc.fabric-api/fabric-serialization-api-v1/2.0.4+11a26f319e/ebf77996be79909f639a7352689d851385a9cd2b/fabric-serialization-api-v1-2.0.4+11a26f319e.jar:/home/wilwe/.gradle/caches/modules-2/files-2.1/net.fabricmc.fabric-api/fabric-sound-api-v1/2.0.5+11a26f319e/73e4e62924608e1d1581f192607857db096dafe7/fabric-sound-api-v1-2.0.5+11a26f319e.jar:/home/wilwe/.gradle/caches/modules-2/files-2.1/net.fabricmc.fabric-api/fabric-transitive-access-wideners-v1/8.1.4+67c847259e/e1e769f8e123395ab939d5d8da900e6a6ad53ab2/fabric-transitive-access-wideners-v1-8.1.4+67c847259e.jar:/home/wilwe/.gradle/caches/modules-2/files-2.1/blue.endless/jankson/1.2.0/3a596049034f2952c0b2d40ca41f9b98856d5fb4/jankson-1.2.0.jar:/home/wilwe/.gradle/caches/modules-2/files-2.1/org.yaml/snakeyaml/1.27/359d62567480b07a679dc643f82fc926b100eed5/snakeyaml-1.27.jar:/home/wilwe/.gradle/caches/modules-2/files-2.1/me.shedaniel.cloth/basic-math/0.6.1/2ddd64b22126332794a5754ff9b942e17fb44c39/basic-math-0.6.1.jar:/home/wilwe/.gradle/caches/modules-2/files-2.1/com.google.errorprone/error_prone_annotations/2.48.0/bbe30942a31d1778c74cb272321267eca82dc708/error_prone_annotations-2.48.0.jar:/tmp/7091575561694081162.jar)
	at knot//com.sun.jna.NativeLibrary.loadLibrary(NativeLibrary.java:325)
	at knot//com.sun.jna.NativeLibrary.getInstance(NativeLibrary.java:481)
	at knot//com.sun.jna.NativeLibrary.getInstance(NativeLibrary.java:423)
	at knot//com.mojang.text2speech.NarratorLinux$FliteLibrary.loadNative(NarratorLinux.java:80)
	... 10 more
	Suppressed: java.lang.UnsatisfiedLinkError: libflite.so: cannot open shared object file: No such file or directory
		at knot//com.sun.jna.Native.open(Native Method)
		at knot//com.sun.jna.NativeLibrary.loadLibrary(NativeLibrary.java:213)
		... 13 more
	Suppressed: java.lang.UnsatisfiedLinkError: libflite.so: cannot open shared object file: No such file or directory
		at knot//com.sun.jna.Native.open(Native Method)
		at knot//com.sun.jna.NativeLibrary.loadLibrary(NativeLibrary.java:226)
		... 13 more
	Suppressed: java.io.IOException: Native library (linux-x86-64/libflite.so) not found in resource path (/home/wilwe/Dokumenty/GitHub/stargazer_mod/fabric/build/classes/java/main:/home/wilwe/Dokumenty/GitHub/stargazer_mod/fabric/build/resources/main:/home/wilwe/.gradle/caches/modules-2/files-2.1/dev.architectury/architectury-transformer/5.2.92/1ea8fe9cb282e9a2ced97868b5bd022bfaa8dbd/architectury-transformer-5.2.92-agent.jar:/home/wilwe/.gradle/caches/modules-2/files-2.1/dev.architectury/architectury-transformer/5.2.92/bdb7ff889a4e1acf8b9bc1914c51d73c0764dd4b/architectury-transformer-5.2.92-runtime.jar:/home/wilwe/Dokumenty/GitHub/stargazer_mod/common/build/libs/stargazer-common-0.0.8.4-dev.jar:/home/wilwe/.gradle/caches/modules-2/files-2.1/com.geckolib/geckolib-fabric-26.2/5.5.3/a4a19c46400da1c232df559cc026e8e4ef419845/geckolib-fabric-26.2-5.5.3.jar:/home/wilwe/.m2/repository/com/github/starcatcher21/starlib/starlib-fabric/1.0.3/starlib-fabric-1.0.3.jar:/home/wilwe/.gradle/caches/modules-2/files-2.1/me.shedaniel/RoughlyEnoughItems-fabric/26.2.820/a57f1180a72e5f5541ad3cf63a799e95140882e6/RoughlyEnoughItems-fabric-26.2.820.jar:/home/wilwe/.gradle/caches/modules-2/files-2.1/me.shedaniel.cloth/cloth-config-fabric/26.2.155/babcf16dbd15e09d326e21ffe85ab3f7d843ef9e/cloth-config-fabric-26.2.155.jar:/home/wilwe/.gradle/caches/modules-2/files-2.1/dev.architectury/architectury-fabric/21.0.7/7c00161fc93303ba504f02f6bf3e3f42b99e1d84/architectury-fabric-21.0.7.jar:/home/wilwe/.gradle/caches/modules-2/files-2.1/net.fabricmc/fabric-loader/0.19.5/ff9e65cffca4a67f31523e1807fe0855940fcbfa/fabric-loader-0.19.5.jar:/home/wilwe/.gradle/caches/modules-2/files-2.1/net.fabricmc.fabric-api/fabric-api/0.161.0+26.2/332da34ebb72171e603a0c538de17f4c54ea9e29/fabric-api-0.161.0+26.2.jar:/home/wilwe/.gradle/caches/modules-2/files-2.1/teamreborn/energy/5.0.0/c7b3f01292365bcb29940af26ed7047d5c538e7e/energy-5.0.0.jar:/home/wilwe/.gradle/caches/modules-2/files-2.1/org.ow2.asm/asm/9.10.1/ada2141c0cc52ee8f5c48cd5fa4ce0e794f22236/asm-9.10.1.jar:/home/wilwe/.gradle/caches/modules-2/files-2.1/org.ow2.asm/asm-analysis/9.10.1/8d49f14d51f632cb1d87c88d1ceaf50db0d8af1b/asm-analysis-9.10.1.jar:/home/wilwe/.gradle/caches/modules-2/files-2.1/org.ow2.asm/asm-commons/9.10.1/4229e4c55fd8e01c23f9fe9884075cc628aacc50/asm-commons-9.10.1.jar:/home/wilwe/.gradle/caches/modules-2/files-2.1/org.ow2.asm/asm-tree/9.10.1/e244332a17564c1d1572449399a842de35881be2/asm-tree-9.10.1.jar:/home/wilwe/.gradle/caches/modules-2/files-2.1/org.ow2.asm/asm-util/9.10.1/7bb9d450e8d4cbf9f9e04096c44bbfe7fba80b15/asm-util-9.10.1.jar:/home/wilwe/.gradle/caches/modules-2/files-2.1/net.fabricmc/sponge-mixin/0.17.4+mixin.0.8.7/5f66cc9f59b8efaa942155a3d5a30599bf6640dd/sponge-mixin-0.17.4+mixin.0.8.7.jar:/home/wilwe/.gradle/caches/modules-2/files-2.1/io.github.llamalad7/mixinextras-fabric/0.5.5/d1055b99c0ab08a8403fe2da3d79ca28e6340a76/mixinextras-fabric-0.5.5.jar:/home/wilwe/.gradle/caches/modules-2/files-2.1/net.fabricmc/dev-launch-injector/0.2.1+build.8/da8bef7e6e2f952da707f282bdb46882a0fce5e3/dev-launch-injector-0.2.1+build.8.jar:/home/wilwe/.gradle/caches/modules-2/files-2.1/net.fabricmc/fabric-log4j-util/1.0.2/ef0b3fb613356feb75a67d54f2fad6f03a006648/fabric-log4j-util-1.0.2.jar:/home/wilwe/.gradle/caches/modules-2/files-2.1/at.yawk.lz4/lz4-java/1.10.1/f541d7f910fe3d76f38f799c507c48cc81b12ecb/lz4-java-1.10.1.jar:/home/wilwe/.gradle/caches/modules-2/files-2.1/com.azure/azure-json/1.4.0/fcc1d354dbc3e0300e5276b1bf124d0247799cd8/azure-json-1.4.0.jar:/home/wilwe/.gradle/caches/modules-2/files-2.1/com.github.oshi/oshi-core/6.9.0/3224870731860cfcd7744581a05b559e94291e7/oshi-core-6.9.0.jar:/home/wilwe/.gradle/caches/modules-2/files-2.1/com.moandjiezana.toml/toml4j/0.7.2/a03337911d0bd2c40932aca3946edb30d0e7d0c/toml4j-0.7.2.jar:/home/wilwe/.gradle/caches/modules-2/files-2.1/com.google.code.gson/gson/2.14.0/efc0e34ede4e3204eaefb84a00e55e8c86634382/gson-2.14.0.jar:/home/wilwe/.gradle/caches/modules-2/files-2.1/com.google.guava/failureaccess/1.0.3/aeaffd00d57023a2c947393ed251f0354f0985fc/failureaccess-1.0.3.jar:/home/wilwe/.gradle/caches/modules-2/files-2.1/com.google.guava/guava/33.6.0-jre/c376b13067cc99a5774403530953f7b05a91e218/guava-33.6.0-jre.jar:/home/wilwe/.gradle/caches/modules-2/files-2.1/com.ibm.icu/icu4j/78.3/6a851a53bb1f25689fc418dcc8935b0d93580adf/icu4j-78.3.jar:/home/wilwe/.gradle/caches/modules-2/files-2.1/com.microsoft.azure/msal4j/1.24.1/c233f2d047b9755f7041adf21a858c680e4c9242/msal4j-1.24.1.jar:/home/wilwe/.gradle/caches/modules-2/files-2.1/com.mojang/authlib/9.0.75/d61056a234d5e4b272e09d59b0713f80d6c0b6af/authlib-9.0.75.jar:/home/wilwe/.gradle/caches/modules-2/files-2.1/com.mojang/blocklist/1.0.10/5c685c5ffa94c4cd39496c7184c1d122e515ecef/blocklist-1.0.10.jar:/home/wilwe/.gradle/caches/modules-2/files-2.1/com.mojang/brigadier/1.3.10/d15b53a14cf20fdcaa98f731af5dda654452c010/brigadier-1.3.10.jar:/home/wilwe/.gradle/caches/modules-2/files-2.1/com.mojang/datafixerupper/10.0.21/b6b2ae770c02e0c1eb90f9985b151e9085a38d0b/datafixerupper-10.0.21.jar:/home/wilwe/.gradle/caches/modules-2/files-2.1/com.mojang/jtracy/1.0.37/a3fb649b2e2b2288d2978f0b0bc3d83f62809d1e/jtracy-1.0.37.jar:/home/wilwe/.gradle/caches/modules-2/files-2.1/com.mojang/jtracy/1.0.37/e1b4395227af41195da9e2ead13c48ee0b7d31cd/jtracy-1.0.37-natives-linux.jar:/home/wilwe/.gradle/caches/modules-2/files-2.1/com.mojang/logging/1.7.12/351cea64a5233361327d8d54c44277041beed97f/logging-1.7.12.jar:/home/wilwe/.gradle/caches/modules-2/files-2.1/com.mojang/patchy/2.2.10/da05971b07cbb379d002cf7eaec6a2048211fefc/patchy-2.2.10.jar:/home/wilwe/.gradle/caches/modules-2/files-2.1/com.mojang/text2speech/1.19.12/2e517a75c79d34d32de2b5d68422150836c2133e/text2speech-1.19.12.jar:/home/wilwe/.gradle/caches/modules-2/files-2.1/commons-codec/commons-codec/1.22.0/6b3eb4beb7058c2a638f5f17bcb388649fd339dd/commons-codec-1.22.0.jar:/home/wilwe/.gradle/caches/modules-2/files-2.1/commons-io/commons-io/2.20.0/36f3474daec2849c149e877614e7f979b2082cd2/commons-io-2.20.0.jar:/home/wilwe/.gradle/caches/modules-2/files-2.1/io.netty/netty-buffer/4.2.15.Final/2beb620803bf871cda2dd5d46b8f831e8015dd34/netty-buffer-4.2.15.Final.jar:/home/wilwe/.gradle/caches/modules-2/files-2.1/io.netty/netty-codec-base/4.2.15.Final/e97149fdd5fb04858efa90e314651c8d700dc68b/netty-codec-base-4.2.15.Final.jar:/home/wilwe/.gradle/caches/modules-2/files-2.1/io.netty/netty-codec-compression/4.2.15.Final/89fc4a20b7ae6af974304b1695405e62c4f9b16d/netty-codec-compression-4.2.15.Final.jar:/home/wilwe/.gradle/caches/modules-2/files-2.1/io.netty/netty-codec-http/4.2.15.Final/e611826aa054371bb9a17f27bdb05755a4cac5f0/netty-codec-http-4.2.15.Final.jar:/home/wilwe/.gradle/caches/modules-2/files-2.1/io.netty/netty-common/4.2.15.Final/7222492c1af9c2d4d78d521eea340a619e242fda/netty-common-4.2.15.Final.jar:/home/wilwe/.gradle/caches/modules-2/files-2.1/io.netty/netty-handler/4.2.15.Final/d5344afd1148e3b9927a74be019605ebb0937a93/netty-handler-4.2.15.Final.jar:/home/wilwe/.gradle/caches/modules-2/files-2.1/io.netty/netty-resolver/4.2.15.Final/b961a16d379b508b473e064ba06842bba280f4e3/netty-resolver-4.2.15.Final.jar:/home/wilwe/.gradle/caches/modules-2/files-2.1/io.netty/netty-transport-classes-epoll/4.2.15.Final/44bafba9c9993800e955b365bba4981326f3f3b1/netty-transport-classes-epoll-4.2.15.Final.jar:/home/wilwe/.gradle/caches/modules-2/files-2.1/io.netty/netty-transport-classes-kqueue/4.2.15.Final/f248656bb907607c5a41c7b61fd918a97db79250/netty-transport-classes-kqueue-4.2.15.Final.jar:/home/wilwe/.gradle/caches/modules-2/files-2.1/io.netty/netty-transport-native-epoll/4.2.15.Final/cccd31f2c8e966ab1e7a4d2293c8a3965628fe73/netty-transport-native-epoll-4.2.15.Final-linux-aarch_64.jar:/home/wilwe/.gradle/caches/modules-2/files-2.1/io.netty/netty-transport-native-epoll/4.2.15.Final/ce256127f8ed3f076756f1f4dcb5877d65d1f1c2/netty-transport-native-epoll-4.2.15.Final-linux-x86_64.jar:/home/wilwe/.gradle/caches/modules-2/files-2.1/io.netty/netty-transport-native-unix-common/4.2.15.Final/efb6943b4de9e0226a5ac35330f232605424af02/netty-transport-native-unix-common-4.2.15.Final.jar:/home/wilwe/.gradle/caches/modules-2/files-2.1/io.netty/netty-transport/4.2.15.Final/a000c3a6196ee40207b73ac619dcb339409dd62f/netty-transport-4.2.15.Final.jar:/home/wilwe/.gradle/caches/modules-2/files-2.1/it.unimi.dsi/fastutil/8.5.18/a6cff377eecc19c2037bf31568a6d7106b50ba1f/fastutil-8.5.18.jar:/home/wilwe/.gradle/caches/modules-2/files-2.1/net.java.dev.jna/jna-platform/5.17.0/a4934c44d25a9d8c2ddf4203affd20330cb3426f/jna-platform-5.17.0.jar:/home/wilwe/.m2/repository/net/java/dev/jna/jna/5.17.0/jna-5.17.0.jar:/home/wilwe/.gradle/caches/modules-2/files-2.1/net.sf.jopt-simple/jopt-simple/5.0.4/4fdac2fbe92dfad86aa6e9301736f6b4342a3f5c/jopt-simple-5.0.4.jar:/home/wilwe/.gradle/caches/modules-2/files-2.1/org.apache.commons/commons-compress/1.28.0/e482f2c7a88dac3c497e96aa420b6a769f59c8d7/commons-compress-1.28.0.jar:/home/wilwe/.gradle/caches/modules-2/files-2.1/org.apache.commons/commons-lang3/3.20.0/65897b3e5731220962e659e001904af3c3cbeba9/commons-lang3-3.20.0.jar:/home/wilwe/.gradle/caches/modules-2/files-2.1/org.apache.logging.log4j/log4j-api/2.26.0/ad52af0ecf054a7e3f275a2e180ee06d9c490951/log4j-api-2.26.0.jar:/home/wilwe/.gradle/caches/modules-2/files-2.1/org.apache.logging.log4j/log4j-core/2.26.0/d267ca60b27ddb075e0b4e75e7875859717bf85f/log4j-core-2.26.0.jar:/home/wilwe/.gradle/caches/modules-2/files-2.1/org.apache.logging.log4j/log4j-slf4j2-impl/2.26.0/668c0f0e813d83f00a7182533aa658ec7e7a0a0d/log4j-slf4j2-impl-2.26.0.jar:/home/wilwe/.gradle/caches/modules-2/files-2.1/org.jcraft/jorbis/0.0.17/8872d22b293e8f5d7d56ff92be966e6dc28ebdc6/jorbis-0.0.17.jar:/home/wilwe/.gradle/caches/modules-2/files-2.1/org.joml/joml/1.10.8/fc0a71dad90a2cf41d82a76156a0e700af8e4f8d/joml-1.10.8.jar:/home/wilwe/.gradle/caches/modules-2/files-2.1/org.jspecify/jspecify/1.0.0/7425a601c1c7ec76645a78d22b8c6a627edee507/jspecify-1.0.0.jar:/home/wilwe/.gradle/caches/modules-2/files-2.1/org.lwjgl/lwjgl-freetype/3.4.1/caa75a37e857efc9b0686e434d708d6420c5b6ea/lwjgl-freetype-3.4.1.jar:/home/wilwe/.gradle/caches/modules-2/files-2.1/org.lwjgl/lwjgl-freetype/3.4.1/40a29a29b1549c4cad073ccd682e3776ffb454fa/lwjgl-freetype-3.4.1-natives-linux.jar:/home/wilwe/.gradle/caches/modules-2/files-2.1/org.lwjgl/lwjgl-glfw/3.4.1/a782b1ddd175c9107bf300fd92920579ea65e2a4/lwjgl-glfw-3.4.1.jar:/home/wilwe/.gradle/caches/modules-2/files-2.1/org.lwjgl/lwjgl-glfw/3.4.1/23cdf7655ce9f3b27ad90f08e73345e0d5b46362/lwjgl-glfw-3.4.1-natives-linux.jar:/home/wilwe/.gradle/caches/modules-2/files-2.1/org.lwjgl/lwjgl-jemalloc/3.4.1/16b663092854fc6adfe0a941e61cae2bb2e437b6/lwjgl-jemalloc-3.4.1.jar:/home/wilwe/.gradle/caches/modules-2/files-2.1/org.lwjgl/lwjgl-jemalloc/3.4.1/b83c82d941f2e624d150d6d1e2efcf4ea49ff8ea/lwjgl-jemalloc-3.4.1-natives-linux.jar:/home/wilwe/.gradle/caches/modules-2/files-2.1/org.lwjgl/lwjgl-openal/3.4.1/8508bd60589de0539aa465b78fcf838efd07ae9a/lwjgl-openal-3.4.1.jar:/home/wilwe/.gradle/caches/modules-2/files-2.1/org.lwjgl/lwjgl-openal/3.4.1/dbff577119266cd4312e4eb9cc2b171407c56360/lwjgl-openal-3.4.1-natives-linux.jar:/home/wilwe/.gradle/caches/modules-2/files-2.1/org.lwjgl/lwjgl-opengl/3.4.1/830412cab823c029cda6b9729f9d2ed36cf79959/lwjgl-opengl-3.4.1.jar:/home/wilwe/.gradle/caches/modules-2/files-2.1/org.lwjgl/lwjgl-opengl/3.4.1/b750599f0e75ddb19f1d0fe993f3011334b710ae/lwjgl-opengl-3.4.1-natives-linux.jar:/home/wilwe/.gradle/caches/modules-2/files-2.1/org.lwjgl/lwjgl-shaderc/3.4.1/5c02c88f0d879529014c78463b76f43fdecfd272/lwjgl-shaderc-3.4.1.jar:/home/wilwe/.gradle/caches/modules-2/files-2.1/org.lwjgl/lwjgl-shaderc/3.4.1/4289bdfa998c4afcdfa7c6925baf50e938113188/lwjgl-shaderc-3.4.1-natives-linux.jar:/home/wilwe/.gradle/caches/modules-2/files-2.1/org.lwjgl/lwjgl-spvc/3.4.1/188553592e97b5ab2dba54a1b403ee80b48dad4c/lwjgl-spvc-3.4.1.jar:/home/wilwe/.gradle/caches/modules-2/files-2.1/org.lwjgl/lwjgl-spvc/3.4.1/6ea8d9edcfcc5664d14e11b9a37a1a900783584a/lwjgl-spvc-3.4.1-natives-linux.jar:/home/wilwe/.gradle/caches/modules-2/files-2.1/org.lwjgl/lwjgl-stb/3.4.1/f077c3dafc31924fbe8acb0b913f08977ba27f8e/lwjgl-stb-3.4.1.jar:/home/wilwe/.gradle/caches/modules-2/files-2.1/org.lwjgl/lwjgl-stb/3.4.1/7e1cfae909da6c68f3cb6073a9bfeb6c90e82a57/lwjgl-stb-3.4.1-natives-linux.jar:/home/wilwe/.gradle/caches/modules-2/files-2.1/org.lwjgl/lwjgl-tinyfd/3.4.1/562697d40dbd2ed0424bf24dcf65d51170f81adf/lwjgl-tinyfd-3.4.1.jar:/home/wilwe/.gradle/caches/modules-2/files-2.1/org.lwjgl/lwjgl-tinyfd/3.4.1/fc6a72690afc8defb60d82ad1de64dd8f537154c/lwjgl-tinyfd-3.4.1-natives-linux.jar:/home/wilwe/.gradle/caches/modules-2/files-2.1/org.lwjgl/lwjgl-vma/3.4.1/2c54ce10154feb1ede4d23c5947438cdbfdcc003/lwjgl-vma-3.4.1.jar:/home/wilwe/.gradle/caches/modules-2/files-2.1/org.lwjgl/lwjgl-vma/3.4.1/1d5d00e4abed992e0850aa970d338453ebbd3e0c/lwjgl-vma-3.4.1-natives-linux.jar:/home/wilwe/.gradle/caches/modules-2/files-2.1/org.lwjgl/lwjgl-vulkan/3.4.1/d0601fdc38890755e5638048c14cc0f7b990964b/lwjgl-vulkan-3.4.1.jar:/home/wilwe/.gradle/caches/modules-2/files-2.1/org.lwjgl/lwjgl/3.4.1/129e06a04f93992cb2a45172435b21fc4b60dd7d/lwjgl-3.4.1-unsafe.jar:/home/wilwe/.gradle/caches/modules-2/files-2.1/org.lwjgl/lwjgl/3.4.1/2734e106bd95db49fe0da8cf8bf7fd96475c436c/lwjgl-3.4.1-natives-linux.jar:/home/wilwe/.gradle/caches/modules-2/files-2.1/org.slf4j/slf4j-api/2.0.17/d9e58ac9c7779ba3bf8142aff6c830617a7fe60f/slf4j-api-2.0.17.jar:/home/wilwe/Dokumenty/GitHub/stargazer_mod/.gradle/loom-cache/minecraftMaven/net/minecraft/minecraft-merged-37ca00bc07/26.2/minecraft-merged-37ca00bc07-26.2.jar:/home/wilwe/.gradle/caches/modules-2/files-2.1/io.netty/netty-transport-native-kqueue/4.2.15.Final/4245380831515fb4eca18d32477a27fbb8f7b8f4/netty-transport-native-kqueue-4.2.15.Final-osx-x86_64.jar:/home/wilwe/.gradle/caches/modules-2/files-2.1/io.netty/netty-transport-native-kqueue/4.2.15.Final/8ea0ef3eb716d821332e4b4926825a4b7c1a6d38/netty-transport-native-kqueue-4.2.15.Final-osx-aarch_64.jar:/home/wilwe/.gradle/caches/modules-2/files-2.1/net.fabricmc.fabric-api/fabric-advancement-api-v1/1.0.0+58719a3b9e/4394b4ce7f29690f622da915d780493148b974cb/fabric-advancement-api-v1-1.0.0+58719a3b9e.jar:/home/wilwe/.gradle/caches/modules-2/files-2.1/net.fabricmc.fabric-api/fabric-transfer-api-v1/8.0.13+11dbb7d79e/10f39a4b46043bc724c7ea3b93bcc0243e592abb/fabric-transfer-api-v1-8.0.13+11dbb7d79e.jar:/home/wilwe/.gradle/caches/modules-2/files-2.1/net.fabricmc.fabric-api/fabric-api-lookup-api-v1/2.0.18+11e1c9a39e/31fc094d5f4d878ed12bba2e5e8cdb42b26d83ae/fabric-api-lookup-api-v1-2.0.18+11e1c9a39e.jar:/home/wilwe/.gradle/caches/modules-2/files-2.1/net.fabricmc.fabric-api/fabric-block-api-v1/3.1.0+53515aab9e/46cf7e7564fbbb13d099c3fe1b065561f14e268f/fabric-block-api-v1-3.1.0+53515aab9e.jar:/home/wilwe/.gradle/caches/modules-2/files-2.1/net.fabricmc.fabric-api/fabric-command-api-v2/3.1.0+00cb03469e/b144d197307c39c1bc516c274d9460f0116131a3/fabric-command-api-v2-3.1.0+00cb03469e.jar:/home/wilwe/.gradle/caches/modules-2/files-2.1/net.fabricmc.fabric-api/fabric-content-registries-v0/11.3.2+37b1aa249e/6f664a04bd603be3564b614caafa898e2fc9c67c/fabric-content-registries-v0-11.3.2+37b1aa249e.jar:/home/wilwe/.gradle/caches/modules-2/files-2.1/net.fabricmc.fabric-api/fabric-data-generation-api-v1/25.6.0+c0da0b829e/6b314081c5999c2094b6a92323c055d59bf7e639/fabric-data-generation-api-v1-25.6.0+c0da0b829e.jar:/home/wilwe/.gradle/caches/modules-2/files-2.1/net.fabricmc.fabric-api/fabric-convention-tags-v2/4.7.1+1f023a9e9e/e465c608c60ceb105c4f5d792460f5de02d90135/fabric-convention-tags-v2-4.7.1+1f023a9e9e.jar:/home/wilwe/.gradle/caches/modules-2/files-2.1/net.fabricmc.fabric-api/fabric-creative-tab-api-v1/5.0.15+6468574f9e/b8896143a3467ad9eeff3bda41fb787bc080019e/fabric-creative-tab-api-v1-5.0.15+6468574f9e.jar:/home/wilwe/.gradle/caches/modules-2/files-2.1/net.fabricmc.fabric-api/fabric-data-attachment-api-v1/2.2.19+515ac5339e/6ac7e37bdfaf6b9fc26be152d01daa0f95d799a2/fabric-data-attachment-api-v1-2.2.19+515ac5339e.jar:/home/wilwe/.gradle/caches/modules-2/files-2.1/net.fabricmc.fabric-api/fabric-debug-api-v1/1.0.2+c792624d9e/9f0581bb985edf22a0d812dbe67178bd2849286/fabric-debug-api-v1-1.0.2+c792624d9e.jar:/home/wilwe/.gradle/caches/modules-2/files-2.1/net.fabricmc.fabric-api/fabric-dimensions-v1/5.1.12+515ac5339e/b9d60e3ceee08f0fbc6f19fe8264c82c5fc2d122/fabric-dimensions-v1-5.1.12+515ac5339e.jar:/home/wilwe/.gradle/caches/modules-2/files-2.1/net.fabricmc.fabric-api/fabric-entity-events-v1/5.0.5+06488ac19e/5cbecb675b91d0ebfe2ef3f20339e1a2c76c435/fabric-entity-events-v1-5.0.5+06488ac19e.jar:/home/wilwe/.gradle/caches/modules-2/files-2.1/net.fabricmc.fabric-api/fabric-events-interaction-v0/5.2.8+515ac5339e/98650380bb4e65a3deb6254e7c10a171eb907477/fabric-events-interaction-v0-5.2.8+515ac5339e.jar:/home/wilwe/.gradle/caches/modules-2/files-2.1/net.fabricmc.fabric-api/fabric-game-rule-api-v1/4.0.8+46a6d00c9e/886816530fb79c925eb1bc6c34dd4d9d82e71d49/fabric-game-rule-api-v1-4.0.8+46a6d00c9e.jar:/home/wilwe/.gradle/caches/modules-2/files-2.1/net.fabricmc.fabric-api/fabric-gametest-api-v1/4.0.22+4a7fa0819e/3fb91749fe4f238518d2980fdc18454016949190/fabric-gametest-api-v1-4.0.22+4a7fa0819e.jar:/home/wilwe/.gradle/caches/modules-2/files-2.1/net.fabricmc.fabric-api/fabric-item-api-v1/14.5.0+c68f6cbe9e/c2d241b01e3c083637adb17c2c8ff798cb752d5a/fabric-item-api-v1-14.5.0+c68f6cbe9e.jar:/home/wilwe/.gradle/caches/modules-2/files-2.1/net.fabricmc.fabric-api/fabric-recipe-api-v1/9.0.22+11e1c9a39e/e756703eda39613f8d638521829b673c92276604/fabric-recipe-api-v1-9.0.22+11e1c9a39e.jar:/home/wilwe/.gradle/caches/modules-2/files-2.1/net.fabricmc.fabric-api/fabric-model-loading-api-v1/8.0.17+c80601bb9e/b7b69be9cac7b63f853bd3c937c1b774c96a13fb/fabric-model-loading-api-v1-8.0.17+c80601bb9e.jar:/home/wilwe/.gradle/caches/modules-2/files-2.1/net.fabricmc.fabric-api/fabric-renderer-indigo/9.1.4+2b0d8a229e/48cdf540bd670fe9333a74dd1570316180d10ab3/fabric-renderer-indigo-9.1.4+2b0d8a229e.jar:/home/wilwe/.gradle/caches/modules-2/files-2.1/net.fabricmc.fabric-api/fabric-renderer-api-v1/14.1.4+2b0d8a229e/f6a6d234cc1073ffb871150d548d2164f8bc8d0b/fabric-renderer-api-v1-14.1.4+2b0d8a229e.jar:/home/wilwe/.gradle/caches/modules-2/files-2.1/net.fabricmc.fabric-api/fabric-rendering-v1/25.3.3+515ac5339e/b970a6d778b9867d6ea13d5437193f1e86a19c55/fabric-rendering-v1-25.3.3+515ac5339e.jar:/home/wilwe/.gradle/caches/modules-2/files-2.1/net.fabricmc.fabric-api/fabric-lifecycle-events-v1/4.1.4+29b6eb019e/54a508470dcea81513e39001b5c0bf9fae0f1d5/fabric-lifecycle-events-v1-4.1.4+29b6eb019e.jar:/home/wilwe/.gradle/caches/modules-2/files-2.1/net.fabricmc.fabric-api/fabric-loot-api-v3/3.0.17+06488ac19e/964f3985687b491093db6b9ff87b35106112b74d/fabric-loot-api-v3-3.0.17+06488ac19e.jar:/home/wilwe/.gradle/caches/modules-2/files-2.1/net.fabricmc.fabric-api/fabric-menu-api-v1/2.0.17+086d547a9e/2d35d55e2aa842d5eec1f9262a74074385c69cfb/fabric-menu-api-v1-2.0.17+086d547a9e.jar:/home/wilwe/.gradle/caches/modules-2/files-2.1/net.fabricmc.fabric-api/fabric-message-api-v1/7.0.8+bb2ed3f79e/106dc9ed22970076aaa39cd257b69705d136dd05/fabric-message-api-v1-7.0.8+bb2ed3f79e.jar:/home/wilwe/.gradle/caches/modules-2/files-2.1/net.fabricmc.fabric-api/fabric-client-gametest-api-v1/6.0.2+0f4f1dca9e/f54e52e7af5a41fdcf6715f87d09282b2dc9b0f2/fabric-client-gametest-api-v1-6.0.2+0f4f1dca9e.jar:/home/wilwe/.gradle/caches/modules-2/files-2.1/net.fabricmc.fabric-api/fabric-particles-v1/5.0.19+d1756aa99e/f6290d6511388b78455e2186d980553879343172/fabric-particles-v1-5.0.19+d1756aa99e.jar:/home/wilwe/.gradle/caches/modules-2/files-2.1/net.fabricmc.fabric-api/fabric-object-builder-api-v1/24.1.1+6fcd5f039e/90175252776d48f5c549835501e7fa227e68c4c8/fabric-object-builder-api-v1-24.1.1+6fcd5f039e.jar:/home/wilwe/.gradle/caches/modules-2/files-2.1/net.fabricmc.fabric-api/fabric-registry-sync-v0/7.1.1+c7bd5b8e9e/82c1ce3885265deb0c15970d4abadf0ae055a539/fabric-registry-sync-v0-7.1.1+c7bd5b8e9e.jar:/home/wilwe/.gradle/caches/modules-2/files-2.1/net.fabricmc.fabric-api/fabric-networking-api-v1/6.3.4+2989c6a09e/608860809ec66fd65ca764c4157e96030f330537/fabric-networking-api-v1-6.3.4+2989c6a09e.jar:/home/wilwe/.gradle/caches/modules-2/files-2.1/net.fabricmc.fabric-api/fabric-permission-api-v1/1.0.5+e442d8d09e/92197dd81a18322fd36b87de79bdaa8d2b4a1ba9/fabric-permission-api-v1-1.0.5+e442d8d09e.jar:/home/wilwe/.gradle/caches/modules-2/files-2.1/net.fabricmc.fabric-api/fabric-rendering-fluids-v1/6.0.4+06488ac19e/9ded3bc73b5ff3c441075d0c8eca988aacce1f1f/fabric-rendering-fluids-v1-6.0.4+06488ac19e.jar:/home/wilwe/.gradle/caches/modules-2/files-2.1/net.fabricmc.fabric-api/fabric-tag-api-v1/2.1.4+515ac5339e/f66a24273cdcc2ce424bf8c69cdc9cf48bdcb328/fabric-tag-api-v1-2.1.4+515ac5339e.jar:/home/wilwe/.gradle/caches/modules-2/files-2.1/net.fabricmc.fabric-api/fabric-resource-loader-v0/3.3.20+4fc5413f9e/c6551ab905383f3c8e046a403a78a25bebabaff0/fabric-resource-loader-v0-3.3.20+4fc5413f9e.jar:/home/wilwe/.gradle/caches/modules-2/files-2.1/net.fabricmc.fabric-api/fabric-resource-loader-v1/2.0.13+9edec1269e/db19bb66f069d7ed3dde41eb7e1f9ff3122c15a4/fabric-resource-loader-v1-2.0.13+9edec1269e.jar:/home/wilwe/.gradle/caches/modules-2/files-2.1/net.fabricmc.fabric-api/fabric-screen-api-v1/5.2.1+5087f8249e/ef9ad9a09f392eff05957c24c71e4da6797bb8d9/fabric-screen-api-v1-5.2.1+5087f8249e.jar:/home/wilwe/.gradle/caches/modules-2/files-2.1/net.fabricmc.fabric-api/fabric-api-base/2.0.4+ece063239e/e766f3698b7bab8b1e13683040f8648fab511ca3/fabric-api-base-2.0.4+ece063239e.jar:/home/wilwe/.gradle/caches/modules-2/files-2.1/net.fabricmc.fabric-api/fabric-biome-api-v1/18.0.6+c7bd5b8e9e/414c89d2bc8ab64dce1763edc4dbe4619113a5b/fabric-biome-api-v1-18.0.6+c7bd5b8e9e.jar:/home/wilwe/.gradle/caches/modules-2/files-2.1/net.fabricmc.fabric-api/fabric-block-getter-api-v2/2.0.7+ec56b6019e/8204045ca262749761be09b144618e6c4133ebe1/fabric-block-getter-api-v2-2.0.7+ec56b6019e.jar:/home/wilwe/.gradle/caches/modules-2/files-2.1/net.fabricmc.fabric-api/fabric-crash-report-info-v1/1.0.5+086d547a9e/119f48a9a648d86c89fe21444176d0032449d95c/fabric-crash-report-info-v1-1.0.5+086d547a9e.jar:/home/wilwe/.gradle/caches/modules-2/files-2.1/net.fabricmc.fabric-api/fabric-key-mapping-api-v1/2.0.5+e2bdee789e/c86dc688a7e9caa7edca9973dc6abfe37c652135/fabric-key-mapping-api-v1-2.0.5+e2bdee789e.jar:/home/wilwe/.gradle/caches/modules-2/files-2.1/net.fabricmc.fabric-api/fabric-resource-conditions-api-v1/6.1.0+10e9a28b9e/bfe91afa0e7712974b318ed7e274b493b038a596/fabric-resource-conditions-api-v1-6.1.0+10e9a28b9e.jar:/home/wilwe/.gradle/caches/modules-2/files-2.1/net.fabricmc.fabric-api/fabric-serialization-api-v1/2.0.4+11a26f319e/ebf77996be79909f639a7352689d851385a9cd2b/fabric-serialization-api-v1-2.0.4+11a26f319e.jar:/home/wilwe/.gradle/caches/modules-2/files-2.1/net.fabricmc.fabric-api/fabric-sound-api-v1/2.0.5+11a26f319e/73e4e62924608e1d1581f192607857db096dafe7/fabric-sound-api-v1-2.0.5+11a26f319e.jar:/home/wilwe/.gradle/caches/modules-2/files-2.1/net.fabricmc.fabric-api/fabric-transitive-access-wideners-v1/8.1.4+67c847259e/e1e769f8e123395ab939d5d8da900e6a6ad53ab2/fabric-transitive-access-wideners-v1-8.1.4+67c847259e.jar:/home/wilwe/.gradle/caches/modules-2/files-2.1/blue.endless/jankson/1.2.0/3a596049034f2952c0b2d40ca41f9b98856d5fb4/jankson-1.2.0.jar:/home/wilwe/.gradle/caches/modules-2/files-2.1/org.yaml/snakeyaml/1.27/359d62567480b07a679dc643f82fc926b100eed5/snakeyaml-1.27.jar:/home/wilwe/.gradle/caches/modules-2/files-2.1/me.shedaniel.cloth/basic-math/0.6.1/2ddd64b22126332794a5754ff9b942e17fb44c39/basic-math-0.6.1.jar:/home/wilwe/.gradle/caches/modules-2/files-2.1/com.google.errorprone/error_prone_annotations/2.48.0/bbe30942a31d1778c74cb272321267eca82dc708/error_prone_annotations-2.48.0.jar:/tmp/7091575561694081162.jar)
		at knot//com.sun.jna.Native.extractFromResourcePath(Native.java:1141)
		at knot//com.sun.jna.NativeLibrary.loadLibrary(NativeLibrary.java:297)
		... 13 more
[11:04:47] [Render thread/INFO] (Minecraft) Reloading ResourceManager: vanilla, cloth-config, fabric-advancement-api-v1, fabric-api, fabric-api-base, fabric-api-lookup-api-v1, fabric-biome-api-v1, fabric-block-api-v1, fabric-block-getter-api-v2, fabric-client-gametest-api-v1, fabric-command-api-v2, fabric-content-registries-v0, fabric-convention-tags-v2, fabric-crash-report-info-v1, fabric-creative-tab-api-v1, fabric-data-attachment-api-v1, fabric-data-generation-api-v1, fabric-debug-api-v1, fabric-dimensions-v1, fabric-entity-events-v1, fabric-events-interaction-v0, fabric-game-rule-api-v1, fabric-gametest-api-v1, fabric-item-api-v1, fabric-key-mapping-api-v1, fabric-lifecycle-events-v1, fabric-loot-api-v3, fabric-menu-api-v1, fabric-message-api-v1, fabric-model-loading-api-v1, fabric-networking-api-v1, fabric-object-builder-api-v1, fabric-particles-v1, fabric-permission-api-v1, fabric-recipe-api-v1, fabric-registry-sync-v0, fabric-renderer-api-v1, fabric-renderer-indigo, fabric-rendering-fluids-v1, fabric-rendering-v1, fabric-resource-conditions-api-v1, fabric-resource-loader-v0, fabric-resource-loader-v1, fabric-screen-api-v1, fabric-serialization-api-v1, fabric-sound-api-v1, fabric-tag-api-v1, fabric-transfer-api-v1, fabric-transitive-access-wideners-v1, fabricloader, generated_59a04ef, roughlyenoughitems, stargazer, team_reborn_energy
[11:04:47] [Worker-Main-2/WARN] (Minecraft) File stargazer:sounds/adventure_of_the_moon.ogg does not exist, cannot add it to event stargazer:ost.adventure_of_the_moon
[11:04:47] [Worker-Main-2/WARN] (Minecraft) File stargazer:sounds/adventure_of_the_moon.ogg does not exist, cannot add it to event stargazer:ost.adventure_of_the_moon
[11:04:47] [Download-2/INFO] (Minecraft) Could not authorize you against Realms server: java.lang.RuntimeException: Failed to parse into SignedJWT: 0
[11:04:47] [Download-2/ERROR] (Minecraft) Failed to fetch Realms feature flags
com.mojang.realmsclient.exception.RealmsServiceException: Realms authentication error with message 'java.lang.RuntimeException: Failed to parse into SignedJWT: 0'
	at knot//com.mojang.realmsclient.client.RealmsClient.execute(RealmsClient.java:528)
	at knot//com.mojang.realmsclient.client.RealmsClient.fetchFeatureFlags(RealmsClient.java:187)
	at java.base/java.util.concurrent.CompletableFuture$AsyncSupply.run(CompletableFuture.java:1789)
	at java.base/java.util.concurrent.ThreadPoolExecutor.runWorker(ThreadPoolExecutor.java:1090)
	at java.base/java.util.concurrent.ThreadPoolExecutor$Worker.run(ThreadPoolExecutor.java:614)
	at java.base/java.lang.Thread.run(Thread.java:1516)
[11:04:47] [Worker-Main-6/INFO] (Minecraft) Found unifont_all_no_pua-17.0.01.hex, loading
[11:04:47] [Worker-Main-10/INFO] (Minecraft) Found unifont_pua-17.0.01.hex, loading
[11:04:47] [Worker-Main-5/INFO] (Minecraft) Found unifont_jp_patch-17.0.01.hex, loading
[11:04:47] [Worker-Main-9/WARN] (Minecraft) Texture stargazer:block/aurora with size 1x1 limits mip level from 4 to 0
[11:04:47] [Worker-Main-9/WARN] (Minecraft) minecraft:textures/atlas/blocks.png: dropping miplevel from 4 to 0, because of minimum power of two: 1
[11:04:47] [Worker-Main-10/ERROR] (ModNioPackResources) Invalid path in mod resource-pack generated_59a04ef: stargazer:geckolib/models/block/Star_trap.bbmodel, ignoring
[11:04:47] [Worker-Main-10/ERROR] (ModNioPackResources) Invalid path in mod resource-pack stargazer: stargazer:geckolib/models/block/Star_trap.bbmodel, ignoring
[11:04:47] [Worker-Main-7/ERROR] (GeckoLib) Error loading resource: stargazer:geckolib/animations/block/eye_jar.animation.json
Geckolib.CompoundException: stargazer:geckolib/animations/block/eye_jar.animation.json: Error building animations from JSON
	at knot//com.geckolib.loading.loader.GeckoLibGsonLoader.deserializeJsonAnimations(GeckoLibGsonLoader.java:109)
	at knot//com.geckolib.loading.loader.GeckoLibGsonLoader.bakeGeckoLibAnimationsFile(GeckoLibGsonLoader.java:66)
	at knot//com.geckolib.loading.loader.GeckoLibGsonLoader.bakeGeckoLibAnimationsFile(GeckoLibGsonLoader.java:21)
	at knot//com.geckolib.cache.GeckoLibResources.lambda$loadAnimations$0(GeckoLibResources.java:101)
	at knot//com.geckolib.cache.GeckoLibResources.lambda$bakeResource$1(GeckoLibResources.java:135)
	at java.base/java.util.concurrent.CompletableFuture$UniApply.tryFire(CompletableFuture.java:667)
	at java.base/java.util.concurrent.CompletableFuture.postComplete(CompletableFuture.java:531)
	at java.base/java.util.concurrent.CompletableFuture$AsyncSupply.run(CompletableFuture.java:1794)
	at knot//net.minecraft.server.packs.resources.SimpleReloadInstance.lambda$prepareTasks$1(SimpleReloadInstance.java:51)
	at java.base/java.util.concurrent.ForkJoinTask$RunnableExecuteAction.compute(ForkJoinTask.java:1753)
	at java.base/java.util.concurrent.ForkJoinTask$RunnableExecuteAction.compute(ForkJoinTask.java:1745)
	at java.base/java.util.concurrent.ForkJoinTask$InterruptibleTask.exec(ForkJoinTask.java:1662)
	at java.base/java.util.concurrent.ForkJoinTask.doExec(ForkJoinTask.java:511)
	at java.base/java.util.concurrent.ForkJoinPool$WorkQueue.topLevelExec(ForkJoinPool.java:1450)
	at java.base/java.util.concurrent.ForkJoinPool.runWorker(ForkJoinPool.java:2019)
	at java.base/java.util.concurrent.ForkJoinWorkerThread.run(ForkJoinWorkerThread.java:187)
Caused by: com.google.gson.JsonParseException: No animation definitions found in animation file!
	at knot//com.geckolib.loading.definition.animation.ActorAnimations.lambda$gsonDeserializer$0(ActorAnimations.java:50)
	at knot//com.google.gson.internal.bind.TreeTypeAdapter.read(TreeTypeAdapter.java:95)
	at knot//com.google.gson.Gson.fromJson(Gson.java:1080)
	at knot//com.google.gson.Gson.fromJson(Gson.java:1193)
	at knot//com.google.gson.Gson.fromJson(Gson.java:1137)
	at knot//com.geckolib.loading.loader.GeckoLibGsonLoader.deserializeJsonAnimations(GeckoLibGsonLoader.java:103)
	... 15 more
[11:04:48] [Worker-Main-6/WARN] (Minecraft) Unable to bake item model: 'stargazer:gravice'
java.lang.IllegalStateException: Multiple atlases used in model, expected minecraft:textures/atlas/items.png, but also got minecraft:textures/atlas/blocks.png
	at knot//net.minecraft.client.renderer.item.CuboidItemModelWrapper.validateAtlasUsage(CuboidItemModelWrapper.java:103)
	at knot//net.minecraft.client.renderer.item.CuboidItemModelWrapper$Unbaked.bake(CuboidItemModelWrapper.java:141)
	at knot//net.minecraft.client.resources.model.ModelBakery.mixinextras$bridge$bake$20(ModelBakery.java)
	at knot//net.fabricmc.fabric.impl.client.model.loading.ModelLoadingEventDispatcher.modifyItemModel(ModelLoadingEventDispatcher.java:161)
	at knot//net.minecraft.client.resources.model.ModelBakery.wrapOperation$bha000$fabric-model-loading-api-v1$wrapItemModelBake(ModelBakery.java:621)
	at knot//net.minecraft.client.resources.model.ModelBakery.wrapOperation$bha000$fabric-model-loading-api-v1$wrapItemModelBake$mixinextras$bridge$18(ModelBakery.java)
	at knot//net.minecraft.client.resources.model.ModelBakery.lambda$bakeModels$1(ModelBakery.java:185)
	at knot//net.minecraft.util.thread.ParallelMapTransform$Container.applyOperation(ParallelMapTransform.java:89)
	at knot//net.minecraft.util.thread.ParallelMapTransform$BatchedTaskSplitter.lambda$createTask$0(ParallelMapTransform.java:213)
	at java.base/java.util.concurrent.CompletableFuture$AsyncRun.run(CompletableFuture.java:1825)
	at knot//net.minecraft.server.packs.resources.SimpleReloadInstance.lambda$prepareTasks$1(SimpleReloadInstance.java:51)
	at java.base/java.util.concurrent.ForkJoinTask$RunnableExecuteAction.compute(ForkJoinTask.java:1753)
	at java.base/java.util.concurrent.ForkJoinTask$RunnableExecuteAction.compute(ForkJoinTask.java:1745)
	at java.base/java.util.concurrent.ForkJoinTask$InterruptibleTask.exec(ForkJoinTask.java:1662)
	at java.base/java.util.concurrent.ForkJoinTask.doExec(ForkJoinTask.java:511)
	at java.base/java.util.concurrent.ForkJoinPool$WorkQueue.topLevelExec(ForkJoinPool.java:1450)
	at java.base/java.util.concurrent.ForkJoinPool.runWorker(ForkJoinPool.java:2019)
	at java.base/java.util.concurrent.ForkJoinWorkerThread.run(ForkJoinWorkerThread.java:187)
[11:04:48] [Render thread/INFO] (Minecraft) OpenAL initialized on device Ryzen HD Audio Controller Analog Stereo
[11:04:48] [Render thread/INFO] (Minecraft) Sound engine started
[11:04:48] [Render thread/INFO] (Minecraft) Created: 512x256x0 minecraft:textures/atlas/particles.png-atlas
[11:04:48] [Render thread/INFO] (Minecraft) Created: 128x128x0 minecraft:textures/atlas/decorated_pot.png-atlas
[11:04:48] [Render thread/INFO] (Minecraft) Created: 2048x1024x0 minecraft:textures/atlas/armor_trims.png-atlas
[11:04:48] [Render thread/INFO] (Minecraft) Created: 512x256x0 minecraft:textures/atlas/paintings.png-atlas
[11:04:48] [Render thread/INFO] (Minecraft) Created: 1024x512x0 minecraft:textures/atlas/shield_patterns.png-atlas
[11:04:48] [Render thread/INFO] (Minecraft) Created: 1024x1024x0 minecraft:textures/atlas/blocks.png-atlas
[11:04:48] [Render thread/INFO] (Minecraft) Created: 512x512x0 minecraft:textures/atlas/chest.png-atlas
[11:04:48] [Render thread/INFO] (Minecraft) Created: 256x128x0 minecraft:textures/atlas/celestials.png-atlas
[11:04:48] [Render thread/INFO] (Minecraft) Created: 1024x512x0 minecraft:textures/atlas/banner_patterns.png-atlas
[11:04:48] [Render thread/INFO] (Minecraft) Created: 1024x512x0 minecraft:textures/atlas/items.png-atlas
[11:04:48] [Render thread/INFO] (Minecraft) Created: 1024x1024x0 minecraft:textures/atlas/gui.png-atlas
[11:04:48] [Render thread/INFO] (Minecraft) Created: 128x64x0 minecraft:textures/atlas/map_decorations.png-atlas
[11:04:48] [Render thread/INFO] (Minecraft) Created: 512x512x0 minecraft:textures/atlas/shulker_boxes.png-atlas
[11:04:49] [Render thread/INFO] (GeckoLib) Loaded 11 models and 9 animations from resources
[11:04:50] [Download-1/INFO] (Minecraft) Could not authorize you against Realms server: java.lang.RuntimeException: Failed to parse into SignedJWT: 0
[11:04:50] [Download-1/ERROR] (Minecraft) Couldn't connect to realms
com.mojang.realmsclient.exception.RealmsServiceException: Realms authentication error with message 'java.lang.RuntimeException: Failed to parse into SignedJWT: 0'
	at knot//com.mojang.realmsclient.client.RealmsClient.execute(RealmsClient.java:528)
	at knot//com.mojang.realmsclient.client.RealmsClient.clientCompatible(RealmsClient.java:308)
	at knot//com.mojang.realmsclient.RealmsAvailability.lambda$check$0(RealmsAvailability.java:48)
	at java.base/java.util.concurrent.CompletableFuture$AsyncSupply.run(CompletableFuture.java:1789)
	at java.base/java.util.concurrent.ThreadPoolExecutor.runWorker(ThreadPoolExecutor.java:1090)
	at java.base/java.util.concurrent.ThreadPoolExecutor$Worker.run(ThreadPoolExecutor.java:614)
	at java.base/java.lang.Thread.run(Thread.java:1516)
[11:04:53] [Render thread/WARN] (Minecraft) Missing data pack generated_d72c574
[11:04:53] [Render thread/INFO] (Minecraft) Found new data pack generated_59a04ef, loading it automatically
[11:04:54] [Worker-Main-6/ERROR] (Minecraft) Couldn't parse data file 'stargazer:dream' from 'stargazer:recipe/dream.json': DataResult.Error['Failed to parse either. First: Unknown registry key in ResourceKey[minecraft:root / minecraft:item]: stargazer:dream_bucket; Second: Not a string: {"count":1,"id":"stargazer:dream_bucket"}']
[11:04:54] [Render thread/INFO] (Minecraft) Loaded 1769 recipes
[11:04:54] [Render thread/INFO] (Minecraft) Loaded 1817 advancements
[11:04:54] [Render thread/INFO] (BiomeModificationImpl) Applied 27 biome modifications to 9 of 86 new biomes in 4.188 ms
[11:04:54] [Server thread/INFO] (Minecraft) Starting integrated minecraft server version 26.2
[11:04:54] [Server thread/INFO] (Minecraft) Generating keypair
[11:04:54] [Server thread/INFO] (Minecraft) Loading 0 persistent chunks...
[11:04:54] [Server thread/INFO] (Minecraft) Saving chunks for level 'ServerLevel[New World]'/minecraft:overworld
[11:04:54] [Server thread/INFO] (Minecraft) Saving chunks for level 'ServerLevel[New World]'/stargazer:red_orb
[11:04:54] [Server thread/INFO] (Minecraft) Saving chunks for level 'ServerLevel[New World]'/stargazer:cosmic
[11:04:54] [Server thread/INFO] (Minecraft) Saving chunks for level 'ServerLevel[New World]'/stargazer:wander
[11:04:54] [Server thread/INFO] (Minecraft) Saving chunks for level 'ServerLevel[New World]'/minecraft:the_end
[11:04:54] [Server thread/INFO] (Minecraft) Saving chunks for level 'ServerLevel[New World]'/stargazer:chess
[11:04:54] [Server thread/INFO] (Minecraft) Saving chunks for level 'ServerLevel[New World]'/minecraft:the_nether
[11:04:54] [Server thread/INFO] (Minecraft) ThreadedAnvilChunkStorage (world): All chunks are saved
[11:04:54] [Server thread/INFO] (Minecraft) ThreadedAnvilChunkStorage (red_orb): All chunks are saved
[11:04:54] [Server thread/INFO] (Minecraft) ThreadedAnvilChunkStorage (cosmic): All chunks are saved
[11:04:54] [Server thread/INFO] (Minecraft) ThreadedAnvilChunkStorage (wander): All chunks are saved
[11:04:54] [Server thread/INFO] (Minecraft) ThreadedAnvilChunkStorage (DIM1): All chunks are saved
[11:04:54] [Server thread/INFO] (Minecraft) ThreadedAnvilChunkStorage (chess): All chunks are saved
[11:04:54] [Server thread/INFO] (Minecraft) ThreadedAnvilChunkStorage (DIM-1): All chunks are saved
[11:04:54] [Server thread/INFO] (Minecraft) ThreadedAnvilChunkStorage: All dimensions are saved
[11:04:54] [Server thread/WARN] (TranslationConventionLogWarnings) 
	Dev warning - Untranslated Item Tags detected. Please translate your item tags so other mods such as recipe viewers can properly display your tag's name.
	The format desired is tag.item.<namespace>.<path> for the translation key with slashes in path turned into periods.
	To disable this message, set this system property in your runs: `-Dfabric-tag-conventions-v2.missingTagTranslationWarning=SILENCED`.
	To see individual untranslated item tags found, set the system property to `-Dfabric-tag-conventions-v2.missingTagTranslationWarning=VERBOSE`.
	Default is `SHORT`.

[11:04:54] [Server thread/INFO] (stargazer) Loaded: 13 Star Patterns
[11:04:54] [Server thread/INFO] (starlib) Loaded: 8 Cobble Gens
[11:04:54] [Server thread/INFO] (starlib) Loaded: 11 Falling Objects
[11:04:54] [Server thread/INFO] (starlib) Loaded: 5 Falling Objects Lists
[11:04:55] [Server thread/INFO] (Minecraft) Loading 49 chunks for player spawn...
[11:04:55] [Server thread/INFO] (Minecraft) Preparing spawn area: 16%
[11:04:55] [Server thread/INFO] (Minecraft) Preparing spawn area: 16%
[11:04:55] [Server thread/INFO] (Minecraft) Preparing spawn area: 16%
[11:04:56] [Server thread/INFO] (Minecraft) Preparing spawn area: 32%
[11:04:56] [Server thread/INFO] (Minecraft) Time elapsed: 1908 ms
[11:04:56] [Server thread/INFO] (Minecraft) star_catcher_[local:E:125510ae] logged in with entity id 1 at (212.83503649970228, 54.27430958443165, -318.19710800020255)
[11:04:56] [Server thread/INFO] (Minecraft) star_catcher_ joined the game
[11:04:56] [REI-ReloadPlugins/INFO] (REI) [REI] ~~~~~~~~~~~~~~~~~~~~~~~~~~~~~~~~~~~~~~~~
[11:04:56] [REI-ReloadPlugins/INFO] (REI) [REI] REICommonPlugin starting main-reload for START.
[11:04:56] [REI-ReloadPlugins/INFO] (REI) [REI] Plugins (4):
[11:04:56] [REI-ReloadPlugins/INFO] (REI) [REI]  - (-100.00) DefaultPlugin of DefaultPlugin [roughlyenoughitems]
[11:04:56] [REI-ReloadPlugins/INFO] (REI) [REI]  - (0.00) FabricFluidAPISupportPlugin
[11:04:56] [REI-ReloadPlugins/INFO] (REI) [REI]  - (0.00) DefaultRuntimePlugin of DefaultRuntimePlugin [roughlyenoughitems]
[11:04:56] [REI-ReloadPlugins/INFO] (REI) [REI]  - (0.00) StargazerREICommon of StargazerREICommon [stargazer]
[11:04:56] [REI-ReloadPlugins/INFO] (REI) [REI] ~~~~~~~~~~~~~~~~~~~~~~~~~~~~~~~~~~~~~~~~
[11:04:56] [Render thread/WARN] (REI) [REI] Trying to start reload plugins of stage START but found 1 existing reload task(s)!
[11:04:56] [Server thread/INFO] (Minecraft) Changing view distance to 6, from 10
[11:04:56] [Render thread/WARN] (REI) [REI] Found 1 existing reload task(s) after trying to terminate them!
[11:04:56] [Server thread/INFO] (Minecraft) Changing simulation distance to 6, from 0
[11:04:57] [REI-ReloadPlugins/INFO] (REI) [REI] @@@@@@@@@@@@@@@@@@@@@@@@@@@@@@@@@@@@@@@@
[11:04:57] [REI-ReloadPlugins/INFO] (REI) [REI] REICommonPlugin starting main-reload for START.
[11:04:57] [REI-ReloadPlugins/INFO] (REI) [REI] Plugins (4):
[11:04:57] [REI-ReloadPlugins/INFO] (REI) [REI]  - (-100.00) DefaultPlugin of DefaultPlugin [roughlyenoughitems]
[11:04:57] [REI-ReloadPlugins/INFO] (REI) [REI]  - (0.00) FabricFluidAPISupportPlugin
[11:04:57] [REI-ReloadPlugins/INFO] (REI) [REI]  - (0.00) DefaultRuntimePlugin of DefaultRuntimePlugin [roughlyenoughitems]
[11:04:57] [REI-ReloadPlugins/INFO] (REI) [REI]  - (0.00) StargazerREICommon of StargazerREICommon [stargazer]
[11:04:57] [REI-ReloadPlugins/INFO] (REI) [REI] @@@@@@@@@@@@@@@@@@@@@@@@@@@@@@@@@@@@@@@@
[11:04:57] [Render thread/INFO] (Minecraft) Loaded 150 advancements
[11:04:57] [REI-ReloadPlugins/INFO] (REI) [REI] ++++++++++++++++++++++++++++++++++++++++
[11:04:57] [REI-ReloadPlugins/INFO] (REI) [REI] REIClientPlugin starting main-reload for START.
[11:04:57] [REI-ReloadPlugins/INFO] (REI) [REI] Plugins (4):
[11:04:57] [REI-ReloadPlugins/INFO] (REI) [REI]  - (-100.00) DefaultClientPlugin of DefaultClientPlugin [roughlyenoughitems]
[11:04:57] [REI-ReloadPlugins/INFO] (REI) [REI]  - (0.00) HideIngredientsFromTagsPlugin of HideIngredientsFromTagsPlugin [roughlyenoughitems]
[11:04:57] [REI-ReloadPlugins/INFO] (REI) [REI]  - (0.00) DefaultClientRuntimePlugin of DefaultClientRuntimePlugin [roughlyenoughitems]
[11:04:57] [REI-ReloadPlugins/INFO] (REI) [REI]  - (0.00) StargazerREIClient of StargazerREIClient [stargazer]
[11:04:57] [REI-ReloadPlugins/INFO] (REI) [REI] ++++++++++++++++++++++++++++++++++++++++
[11:04:57] [Download-1/ERROR] (Minecraft) Failed to retrieve profile key pair
MinecraftClientHttpException[type=HTTP_ERROR, status=401, response=ErrorResponse[path=/player/certificates, error=null, errorMessage=null, details=null]]
	at knot//com.mojang.authlib.minecraft.client.MinecraftClient.buildHttpException(MinecraftClient.java:170)
	at knot//com.mojang.authlib.minecraft.client.MinecraftClient.readServiceResponse(MinecraftClient.java:147)
	at knot//com.mojang.authlib.minecraft.client.MinecraftClient.post(MinecraftClient.java:89)
	at knot//com.mojang.authlib.yggdrasil.YggdrasilUserApiService.getKeyPair(YggdrasilUserApiService.java:62)
	at knot//net.minecraft.client.multiplayer.AccountProfileKeyPairManager.fetchProfileKeyPair(AccountProfileKeyPairManager.java:128)
	at knot//net.minecraft.client.multiplayer.AccountProfileKeyPairManager.lambda$readOrFetchProfileKeyPair$0(AccountProfileKeyPairManager.java:77)
	at java.base/java.util.concurrent.CompletableFuture$AsyncSupply.run(CompletableFuture.java:1789)
	at java.base/java.util.concurrent.ThreadPoolExecutor.runWorker(ThreadPoolExecutor.java:1090)
	at java.base/java.util.concurrent.ThreadPoolExecutor$Worker.run(ThreadPoolExecutor.java:614)
	at java.base/java.lang.Thread.run(Thread.java:1516)
[11:04:57] [Render thread/INFO] (Minecraft) Resizing Dynamic Transforms UBO, capacity limit of 2 reached during a single frame. New capacity will be 4.
[11:04:57] [Render thread/WARN] (Minecraft) Found unknown and unsupported uniform DynamicTransforms in minecraft:pipeline/soft_sky
[11:04:57] [Render thread/INFO] (Minecraft) Resizing Dynamic Transforms UBO, capacity limit of 4 reached during a single frame. New capacity will be 8.
[11:04:57] [REI-ReloadPlugins/INFO] (REI) [REI] REICommonPlugin finished post-reload for START in 786.6 μs, totaling 63.63 ms.
[11:04:57] [REI-ReloadPlugins/INFO] (REI) [REI] REIClientPlugin finished post-reload for START in 698.2 μs, totaling 303.4 ms.
[11:04:57] [REI-ReloadPlugins/INFO] (REI) [REI] ~~~~~~~~~~~~~~~~~~~~~~~~~~~~~~~~~~~~~~~~
[11:04:57] [REI-ReloadPlugins/INFO] (REI) [REI] REICommonPlugin starting main-reload for END.
[11:04:57] [REI-ReloadPlugins/INFO] (REI) [REI] Plugins (4):
[11:04:57] [REI-ReloadPlugins/INFO] (REI) [REI]  - (-100.00) DefaultPlugin of DefaultPlugin [roughlyenoughitems]
[11:04:57] [REI-ReloadPlugins/INFO] (REI) [REI]  - (0.00) FabricFluidAPISupportPlugin
[11:04:57] [REI-ReloadPlugins/INFO] (REI) [REI]  - (0.00) DefaultRuntimePlugin of DefaultRuntimePlugin [roughlyenoughitems]
[11:04:57] [REI-ReloadPlugins/INFO] (REI) [REI]  - (0.00) StargazerREICommon of StargazerREICommon [stargazer]
[11:04:57] [REI-ReloadPlugins/INFO] (REI) [REI] ~~~~~~~~~~~~~~~~~~~~~~~~~~~~~~~~~~~~~~~~
[11:04:57] [REI-ReloadPlugins/INFO] (REI) [REI] ++++++++++++++++++++++++++++++++++++++++
[11:04:57] [REI-ReloadPlugins/INFO] (REI) [REI] REIClientPlugin starting main-reload for END.
[11:04:57] [REI-ReloadPlugins/INFO] (REI) [REI] Plugins (4):
[11:04:57] [REI-ReloadPlugins/INFO] (REI) [REI]  - (-100.00) DefaultClientPlugin of DefaultClientPlugin [roughlyenoughitems]
[11:04:57] [REI-ReloadPlugins/INFO] (REI) [REI]  - (0.00) HideIngredientsFromTagsPlugin of HideIngredientsFromTagsPlugin [roughlyenoughitems]
[11:04:57] [REI-ReloadPlugins/INFO] (REI) [REI]  - (0.00) DefaultClientRuntimePlugin of DefaultClientRuntimePlugin [roughlyenoughitems]
[11:04:57] [REI-ReloadPlugins/INFO] (REI) [REI]  - (0.00) StargazerREIClient of StargazerREIClient [stargazer]
[11:04:57] [REI-ReloadPlugins/INFO] (REI) [REI] ++++++++++++++++++++++++++++++++++++++++
[11:04:57] [Render thread/INFO] (Minecraft) Resizing Chunk Sections UBO, capacity limit of 2 reached during a single frame. New capacity will be 8.
[11:04:57] [Render thread/INFO] (Minecraft) Resizing Chunk Sections UBO, capacity limit of 8 reached during a single frame. New capacity will be 16.
[11:04:57] [Render thread/INFO] (Minecraft) Resizing Chunk Sections UBO, capacity limit of 16 reached during a single frame. New capacity will be 32.
[11:04:57] [Render thread/INFO] (Minecraft) Resizing Chunk Sections UBO, capacity limit of 32 reached during a single frame. New capacity will be 64.
[11:04:57] [Render thread/INFO] (Minecraft) Resizing Chunk Sections UBO, capacity limit of 64 reached during a single frame. New capacity will be 128.
[11:04:57] [Render thread/WARN] (Minecraft) minecraft:pipeline/no_blue shader program does not use sampler Sampler1 defined in the pipeline. This might be a bug.
[11:04:58] [REI-ReloadPlugins/INFO] (REI) [REI] REICommonPlugin finished post-reload for END in 440.5 μs, totaling 139.5 ms.
[11:04:58] [REI-ReloadPlugins/INFO] (REI) [REI] REIClientPlugin finished post-reload for END in 1.471 ms, totaling 882.9 ms.
[11:04:58] [Render thread/INFO] (Minecraft) Resizing Chunk Sections UBO, capacity limit of 128 reached during a single frame. New capacity will be 256.
[11:04:59] [Render thread/INFO] (REI) [REI] [REI Server Display Sync] Received server's request to append 2194 recipes.
[11:04:59] [Render thread/WARN] (REI) [REI] Detected runtime DisplayRegistry modification, this can be extremely dangerous!
[11:05:00] [Render thread/INFO] (Minecraft) Resizing Chunk Sections UBO, capacity limit of 256 reached during a single frame. New capacity will be 512.
[11:05:10] [Server thread/INFO] (Minecraft) Saving and pausing game...
[11:05:10] [Server thread/INFO] (Minecraft) Saving chunks for level 'ServerLevel[New World]'/minecraft:overworld
[11:05:10] [Server thread/INFO] (Minecraft) Saving chunks for level 'ServerLevel[New World]'/stargazer:red_orb
[11:05:10] [Server thread/INFO] (Minecraft) Saving chunks for level 'ServerLevel[New World]'/stargazer:cosmic
[11:05:10] [Server thread/INFO] (Minecraft) Saving chunks for level 'ServerLevel[New World]'/stargazer:wander
[11:05:10] [Server thread/INFO] (Minecraft) Saving chunks for level 'ServerLevel[New World]'/minecraft:the_end
[11:05:10] [Server thread/INFO] (Minecraft) Saving chunks for level 'ServerLevel[New World]'/stargazer:chess
[11:05:10] [Server thread/INFO] (Minecraft) Saving chunks for level 'ServerLevel[New World]'/minecraft:the_nether
[11:05:11] [Server thread/INFO] (Minecraft) Stopping server
[11:05:11] [Server thread/INFO] (Minecraft) Saving players
[11:05:11] [Server thread/INFO] (Minecraft) star_catcher_ lost connection: Disconnected
[11:05:11] [Server thread/INFO] (Minecraft) star_catcher_ left the game
[11:05:11] [Server thread/INFO] (Minecraft) Stopping singleplayer server as player logged out
[11:05:11] [Server thread/INFO] (Minecraft) Saving worlds
[11:05:11] [Server thread/INFO] (Minecraft) Saving chunks for level 'ServerLevel[New World]'/minecraft:overworld
[11:05:11] [Server thread/INFO] (Minecraft) Saving chunks for level 'ServerLevel[New World]'/stargazer:red_orb
[11:05:11] [Server thread/INFO] (Minecraft) Saving chunks for level 'ServerLevel[New World]'/stargazer:cosmic
[11:05:11] [Server thread/INFO] (Minecraft) Saving chunks for level 'ServerLevel[New World]'/stargazer:wander
[11:05:11] [Server thread/INFO] (Minecraft) Saving chunks for level 'ServerLevel[New World]'/minecraft:the_end
[11:05:11] [Server thread/INFO] (Minecraft) Saving chunks for level 'ServerLevel[New World]'/stargazer:chess
[11:05:11] [Server thread/INFO] (Minecraft) Saving chunks for level 'ServerLevel[New World]'/minecraft:the_nether
[11:05:11] [Server thread/INFO] (Minecraft) ThreadedAnvilChunkStorage (world): All chunks are saved
[11:05:11] [Server thread/INFO] (Minecraft) ThreadedAnvilChunkStorage (red_orb): All chunks are saved
[11:05:11] [Server thread/INFO] (Minecraft) ThreadedAnvilChunkStorage (cosmic): All chunks are saved
[11:05:11] [Server thread/INFO] (Minecraft) ThreadedAnvilChunkStorage (wander): All chunks are saved
[11:05:11] [Server thread/INFO] (Minecraft) ThreadedAnvilChunkStorage (DIM1): All chunks are saved
[11:05:11] [Server thread/INFO] (Minecraft) ThreadedAnvilChunkStorage (chess): All chunks are saved
[11:05:11] [Server thread/INFO] (Minecraft) ThreadedAnvilChunkStorage (DIM-1): All chunks are saved
[11:05:11] [Server thread/INFO] (Minecraft) ThreadedAnvilChunkStorage: All dimensions are saved
[11:05:12] [Render thread/INFO] (Minecraft) Stopping!
